Component: ARM Compiler 5.06 update 6 (build 750) Tool: armlink [4d35ed]

==============================================================================

Section Cross References

    startup_stm32f072xb.o(STACK) refers (Special) to heapauxi.o(.text) for __use_two_region_memory
    startup_stm32f072xb.o(HEAP) refers (Special) to heapauxi.o(.text) for __use_two_region_memory
    startup_stm32f072xb.o(RESET) refers (Special) to heapauxi.o(.text) for __use_two_region_memory
    startup_stm32f072xb.o(RESET) refers to startup_stm32f072xb.o(STACK) for __initial_sp
    startup_stm32f072xb.o(RESET) refers to startup_stm32f072xb.o(.text) for Reset_Handler
    startup_stm32f072xb.o(RESET) refers to stm32f0xx_it.o(i.NMI_Handler) for NMI_Handler
    startup_stm32f072xb.o(RESET) refers to stm32f0xx_it.o(i.HardFault_Handler) for HardFault_Handler
    startup_stm32f072xb.o(RESET) refers to stm32f0xx_it.o(i.SVC_Handler) for SVC_Handler
    startup_stm32f072xb.o(RESET) refers to stm32f0xx_it.o(i.PendSV_Handler) for PendSV_Handler
    startup_stm32f072xb.o(RESET) refers to stm32f0xx_it.o(i.SysTick_Handler) for SysTick_Handler
    startup_stm32f072xb.o(RESET) refers to stm32f0xx_it.o(i.USART2_IRQHandler) for USART2_IRQHandler
    startup_stm32f072xb.o(RESET) refers to stm32f0xx_it.o(i.USART3_4_IRQHandler) for USART3_4_IRQHandler
    startup_stm32f072xb.o(.text) refers (Special) to heapauxi.o(.text) for __use_two_region_memory
    startup_stm32f072xb.o(.text) refers to system_stm32f0xx.o(i.SystemInit) for SystemInit
    startup_stm32f072xb.o(.text) refers to __main.o(!!!main) for __main
    startup_stm32f072xb.o(.text) refers to startup_stm32f072xb.o(HEAP) for Heap_Mem
    startup_stm32f072xb.o(.text) refers to startup_stm32f072xb.o(STACK) for Stack_Mem
    main.o(i.HAL_UARTEx_RxEventCallback) refers to stm32f0xx_hal_uart_ex.o(i.HAL_UARTEx_ReceiveToIdle_IT) for HAL_UARTEx_ReceiveToIdle_IT
    main.o(i.HAL_UARTEx_RxEventCallback) refers to main.o(.data) for .data
    main.o(i.HAL_UARTEx_RxEventCallback) refers to main.o(.bss) for .bss
    main.o(i.MX_GPIO_Init) refers to rt_memclr.o(.text) for __aeabi_memclr4
    main.o(i.MX_GPIO_Init) refers to stm32f0xx_hal_gpio.o(i.HAL_GPIO_WritePin) for HAL_GPIO_WritePin
    main.o(i.MX_GPIO_Init) refers to stm32f0xx_hal_gpio.o(i.HAL_GPIO_Init) for HAL_GPIO_Init
    main.o(i.MX_USART2_UART_Init) refers to stm32f0xx_hal_uart.o(i.HAL_UART_Init) for HAL_UART_Init
    main.o(i.MX_USART2_UART_Init) refers to main.o(.bss) for .bss
    main.o(i.MX_USART3_UART_Init) refers to stm32f0xx_hal_uart.o(i.HAL_UART_Init) for HAL_UART_Init
    main.o(i.MX_USART3_UART_Init) refers to main.o(.bss) for .bss
    main.o(i.Send_AT_cmd) refers to _printf_percent.o(.ARM.Collect$$_printf_percent$$00000000) for _printf_percent
    main.o(i.Send_AT_cmd) refers to _printf_s.o(.ARM.Collect$$_printf_percent$$00000014) for _printf_s
    main.o(i.Send_AT_cmd) refers to _printf_str.o(.text) for _printf_str
    main.o(i.Send_AT_cmd) refers to __2sprintf.o(.text) for __2sprintf
    main.o(i.Send_AT_cmd) refers to main.o(i.debug_printf) for debug_printf
    main.o(i.Send_AT_cmd) refers to strlen.o(.text) for strlen
    main.o(i.Send_AT_cmd) refers to stm32f0xx_hal_uart.o(i.HAL_UART_Transmit) for HAL_UART_Transmit
    main.o(i.Send_AT_cmd) refers to stm32f0xx_hal.o(i.HAL_Delay) for HAL_Delay
    main.o(i.Send_AT_cmd) refers to strstr.o(.text) for strstr
    main.o(i.Send_AT_cmd) refers to rt_memclr.o(.text) for __aeabi_memclr4
    main.o(i.Send_AT_cmd) refers to main.o(.bss) for .bss
    main.o(i.Send_AT_cmd) refers to main.o(.data) for .data
    main.o(i.SystemClock_Config) refers to rt_memclr.o(.text) for __aeabi_memclr4
    main.o(i.SystemClock_Config) refers to stm32f0xx_hal_rcc.o(i.HAL_RCC_OscConfig) for HAL_RCC_OscConfig
    main.o(i.SystemClock_Config) refers to stm32f0xx_hal_rcc.o(i.HAL_RCC_ClockConfig) for HAL_RCC_ClockConfig
    main.o(i.SystemClock_Config) refers to stm32f0xx_hal_rcc_ex.o(i.HAL_RCCEx_PeriphCLKConfig) for HAL_RCCEx_PeriphCLKConfig
    main.o(i.debug_printf) refers to rt_memclr.o(.text) for __aeabi_memclr4
    main.o(i.debug_printf) refers to vsprintf.o(.text) for vsprintf
    main.o(i.debug_printf) refers to strlen.o(.text) for strlen
    main.o(i.debug_printf) refers to stm32f0xx_hal_uart.o(i.HAL_UART_Transmit) for HAL_UART_Transmit
    main.o(i.debug_printf) refers to main.o(.bss) for .bss
    main.o(i.gsm_on) refers to stm32f0xx_hal_gpio.o(i.HAL_GPIO_WritePin) for HAL_GPIO_WritePin
    main.o(i.gsm_on) refers to stm32f0xx_hal.o(i.HAL_Delay) for HAL_Delay
    main.o(i.main) refers to stm32f0xx_hal.o(i.HAL_Init) for HAL_Init
    main.o(i.main) refers to main.o(i.SystemClock_Config) for SystemClock_Config
    main.o(i.main) refers to main.o(i.MX_GPIO_Init) for MX_GPIO_Init
    main.o(i.main) refers to main.o(i.MX_USART2_UART_Init) for MX_USART2_UART_Init
    main.o(i.main) refers to main.o(i.MX_USART3_UART_Init) for MX_USART3_UART_Init
[...]
    ../clib/signal.c                         0x00000000   Number         0  defsig_rtmem_outer.o ABSOLUTE
    ../clib/signal.c                         0x00000000   Number         0  defsig_rtmem_formal.o ABSOLUTE
    ../clib/signal.c                         0x00000000   Number         0  defsig_stak_inner.o ABSOLUTE
    ../clib/signal.c                         0x00000000   Number         0  defsig_cppl_inner.o ABSOLUTE
    ../clib/signal.c                         0x00000000   Number         0  defsig_segv_inner.o ABSOLUTE
    ../clib/signal.c                         0x00000000   Number         0  defsig_other.o ABSOLUTE
    ../clib/signal.c                         0x00000000   Number         0  __raise.o ABSOLUTE
    ../clib/signal.c                         0x00000000   Number         0  defsig_exit.o ABSOLUTE
    ../clib/signal.c                         0x00000000   Number         0  defsig_fpe_inner.o ABSOLUTE
    ../clib/signal.c                         0x00000000   Number         0  defsig_pvfn_inner.o ABSOLUTE
    ../clib/signal.s                         0x00000000   Number         0  defsig.o ABSOLUTE
    ../clib/stdlib.c                         0x00000000   Number         0  exit.o ABSOLUTE
    ../clib/string.c                         0x00000000   Number         0  strcmp.o ABSOLUTE
    ../clib/string.c                         0x00000000   Number         0  strstr.o ABSOLUTE
    ../clib/string.c                         0x00000000   Number         0  strlen.o ABSOLUTE
    ../fplib/cfplib/fpinit.c                 0x00000000   Number         0  fpinit.o ABSOLUTE
    ../fplib/cfplib/ieee_status.c            0x00000000   Number         0  ieee_status.o ABSOLUTE
    ../fplib/printf1.s                       0x00000000   Number         0  printf1.o ABSOLUTE
    ../fplib/printf2.s                       0x00000000   Number         0  printf2.o ABSOLUTE
    ../fplib/printf2a.s                      0x00000000   Number         0  printf2a.o ABSOLUTE
    ../fplib/printf2b.s                      0x00000000   Number         0  printf2b.o ABSOLUTE
    ../fplib/usenofp.s                       0x00000000   Number         0  usenofp.o ABSOLUTE
    ../mathlib/fpclassify.c                  0x00000000   Number         0  fpclassify.o ABSOLUTE
    ..\Drivers\STM32F0xx_HAL_Driver\Src\stm32f0xx_hal.c 0x00000000   Number         0  stm32f0xx_hal.o ABSOLUTE
    ..\Drivers\STM32F0xx_HAL_Driver\Src\stm32f0xx_hal_cortex.c 0x00000000   Number         0  stm32f0xx_hal_cortex.o ABSOLUTE
    ..\Drivers\STM32F0xx_HAL_Driver\Src\stm32f0xx_hal_dma.c 0x00000000   Number         0  stm32f0xx_hal_dma.o ABSOLUTE
    ..\Drivers\STM32F0xx_HAL_Driver\Src\stm32f0xx_hal_exti.c 0x00000000   Number         0  stm32f0xx_hal_exti.o ABSOLUTE
    ..\Drivers\STM32F0xx_HAL_Driver\Src\stm32f0xx_hal_flash.c 0x00000000   Number         0  stm32f0xx_hal_flash.o ABSOLUTE
    ..\Drivers\STM32F0xx_HAL_Driver\Src\stm32f0xx_hal_flash_ex.c 0x00000000   Number         0  stm32f0xx_hal_flash_ex.o ABSOLUTE
    ..\Drivers\STM32F0xx_HAL_Driver\Src\stm32f0xx_hal_gpio.c 0x00000000   Number         0  stm32f0xx_hal_gpio.o ABSOLUTE
    ..\Drivers\STM32F0xx_HAL_Driver\Src\stm32f0xx_hal_i2c.c 0x00000000   Number         0  stm32f0xx_hal_i2c.o ABSOLUTE
    ..\Drivers\STM32F0xx_HAL_Driver\Src\stm32f0xx_hal_i2c_ex.c 0x00000000   Number         0  stm32f0xx_hal_i2c_ex.o ABSOLUTE
    ..\Drivers\STM32F0xx_HAL_Driver\Src\stm32f0xx_hal_pwr.c 0x00000000   Number         0  stm32f0xx_hal_pwr.o ABSOLUTE
    ..\Drivers\STM32F0xx_HAL_Driver\Src\stm32f0xx_hal_pwr_ex.c 0x00000000   Number         0  stm32f0xx_hal_pwr_ex.o ABSOLUTE
    ..\Drivers\STM32F0xx_HAL_Driver\Src\stm32f0xx_hal_rcc.c 0x00000000   Number         0  stm32f0xx_hal_rcc.o ABSOLUTE
    ..\Drivers\STM32F0xx_HAL_Driver\Src\stm32f0xx_hal_rcc_ex.c 0x00000000   Number         0  stm32f0xx_hal_rcc_ex.o ABSOLUTE
    ..\Drivers\STM32F0xx_HAL_Driver\Src\stm32f0xx_hal_tim.c 0x00000000   Number         0  stm32f0xx_hal_tim.o ABSOLUTE
    ..\Drivers\STM32F0xx_HAL_Driver\Src\stm32f0xx_hal_tim_ex.c 0x00000000   Number         0  stm32f0xx_hal_tim_ex.o ABSOLUTE
    ..\Drivers\STM32F0xx_HAL_Driver\Src\stm32f0xx_hal_uart.c 0x00000000   Number         0  stm32f0xx_hal_uart.o ABSOLUTE
    ..\Drivers\STM32F0xx_HAL_Driver\Src\stm32f0xx_hal_uart_ex.c 0x00000000   Number         0  stm32f0xx_hal_uart_ex.o ABSOLUTE
    ..\Src\main.c                            0x00000000   Number         0  main.o ABSOLUTE
    ..\Src\stm32f0xx_hal_msp.c               0x00000000   Number         0  stm32f0xx_hal_msp.o ABSOLUTE
    ..\Src\stm32f0xx_it.c                    0x00000000   Number         0  stm32f0xx_it.o ABSOLUTE
    ..\Src\system_stm32f0xx.c                0x00000000   Number         0  system_stm32f0xx.o ABSOLUTE
    dc.s                                     0x00000000   Number         0  dc.o ABSOLUTE
    startup_stm32f072xb.s                    0x00000000   Number         0  startup_stm32f072xb.o ABSOLUTE
    RESET                                    0x08000000   Section      192  startup_stm32f072xb.o(RESET)
    !!!main                                  0x080000c0   Section        8  __main.o(!!!main)
    !!!scatter                               0x080000c8   Section       60  __scatter.o(!!!scatter)
    !!handler_copy                           0x08000104   Section       26  __scatter_copy.o(!!handler_copy)
    !!handler_zi                             0x08000120   Section       28  __scatter_zi.o(!!handler_zi)
    .ARM.Collect$$_printf_percent$$00000000  0x0800013c   Section        2  _printf_percent.o(.ARM.Collect$$_printf_percent$$00000000)
    .ARM.Collect$$_printf_percent$$00000001  0x0800013e   Section       10  _printf_n.o(.ARM.Collect$$_printf_percent$$00000001)
    .ARM.Collect$$_printf_percent$$00000002  0x08000148   Section       10  _printf_p.o(.ARM.Collect$$_printf_percent$$00000002)
    .ARM.Collect$$_printf_percent$$00000003  0x08000152   Section       10  _printf_f.o(.ARM.Collect$$_printf_percent$$00000003)
    .ARM.Collect$$_printf_percent$$00000004  0x0800015c   Section       10  _printf_e.o(.ARM.Collect$$_printf_percent$$00000004)
    .ARM.Collect$$_printf_percent$$00000005  0x08000166   Section       10  _printf_g.o(.ARM.Collect$$_printf_percent$$00000005)
    .ARM.Collect$$_printf_percent$$00000006  0x08000170   Section       10  _printf_a.o(.ARM.Collect$$_printf_percent$$00000006)
    .ARM.Collect$$_printf_percent$$00000007  0x0800017a   Section       10  _printf_ll.o(.ARM.Collect$$_printf_percent$$00000007)
    .ARM.Collect$$_printf_percent$$00000008  0x08000184   Section       10  _printf_i.o(.ARM.Collect$$_printf_percent$$00000008)
    .ARM.Collect$$_printf_percent$$00000009  0x0800018e   Section       10  _printf_d.o(.ARM.Collect$$_printf_percent$$00000009)
    .ARM.Collect$$_printf_percent$$0000000A  0x08000198   Section       10  _printf_u.o(.ARM.Collect$$_printf_percent$$0000000A)
    .ARM.Collect$$_printf_percent$$0000000B  0x080001a2   Section       10  _printf_o.o(.ARM.Collect$$_printf_percent$$0000000B)
    .ARM.Collect$$_printf_percent$$0000000C  0x080001ac   Section       10  _printf_x.o(.ARM.Collect$$_printf_percent$$0000000C)
    .ARM.Collect$$_printf_percent$$0000000D  0x080001b6   Section       10  _printf_lli.o(.ARM.Collect$$_printf_percent$$0000000D)
    .ARM.Collect$$_printf_percent$$0000000E  0x080001c0   Section       10  _printf_lld.o(.ARM.Collect$$_printf_percent$$0000000E)
    .ARM.Collect$$_printf_percent$$0000000F  0x080001ca   Section       10  _printf_llu.o(.ARM.Collect$$_printf_percent$$0000000F)
    .ARM.Collect$$_printf_percent$$00000010  0x080001d4   Section       10  _printf_llo.o(.ARM.Collect$$_printf_percent$$00000010)
    .ARM.Collect$$_printf_percent$$00000011  0x080001de   Section       10  _printf_llx.o(.ARM.Collect$$_printf_percent$$00000011)
    .ARM.Collect$$_printf_percent$$00000012  0x080001e8   Section       10  _printf_l.o(.ARM.Collect$$_printf_percent$$00000012)
    .ARM.Collect$$_printf_percent$$00000013  0x080001f2   Section       10  _printf_c.o(.ARM.Collect$$_printf_percent$$00000013)
    .ARM.Collect$$_printf_percent$$00000014  0x080001fc   Section       10  _printf_s.o(.ARM.Collect$$_printf_percent$$00000014)
    .ARM.Collect$$_printf_percent$$00000015  0x08000206   Section       10  _printf_lc.o(.ARM.Collect$$_printf_percent$$00000015)
    .ARM.Collect$$_printf_percent$$00000016  0x08000210   Section       10  _printf_ls.o(.ARM.Collect$$_printf_percent$$00000016)
    .ARM.Collect$$_printf_percent$$00000017  0x0800021a   Section        4  _printf_percent_end.o(.ARM.Collect$$_printf_percent$$00000017)
    .ARM.Collect$$libinit$$00000000          0x0800021e   Section        2  libinit.o(.ARM.Collect$$libinit$$00000000)
    .ARM.Collect$$libinit$$00000002          0x08000220   Section        0  libinit2.o(.ARM.Collect$$libinit$$00000002)
    .ARM.Collect$$libinit$$00000004          0x08000220   Section        0  libinit2.o(.ARM.Collect$$libinit$$00000004)
    .ARM.Collect$$libinit$$0000000A          0x08000220   Section        0  libinit2.o(.ARM.Collect$$libinit$$0000000A)
    .ARM.Collect$$libinit$$0000000C          0x08000220   Section        0  libinit2.o(.ARM.Collect$$libinit$$0000000C)
    .ARM.Collect$$libinit$$0000000E          0x08000220   Section        0  libinit2.o(.ARM.Collect$$libinit$$0000000E)
    .ARM.Collect$$libinit$$0000000F          0x08000220   Section        6  libinit2.o(.ARM.Collect$$libinit$$0000000F)
    .ARM.Collect$$libinit$$00000011          0x08000226   Section        0  libinit2.o(.ARM.Collect$$libinit$$00000011)
    .ARM.Collect$$libinit$$00000012          0x08000226   Section       12  libinit2.o(.ARM.Collect$$libinit$$00000012)
    .ARM.Collect$$libinit$$00000013          0x08000232   Section        0  libinit2.o(.ARM.Collect$$libinit$$00000013)
    .ARM.Collect$$libinit$$00000015          0x08000232   Section        0  libinit2.o(.ARM.Collect$$libinit$$00000015)
    .ARM.Collect$$libinit$$00000016          0x08000232   Section       10  libinit2.o(.ARM.Collect$$libinit$$00000016)
    .ARM.Collect$$libinit$$00000017          0x0800023c   Section        0  libinit2.o(.ARM.Collect$$libinit$$00000017)
    .ARM.Collect$$libinit$$00000019          0x0800023c   Section        0  libinit2.o(.ARM.Collect$$libinit$$00000019)
    .ARM.Collect$$libinit$$0000001B          0x0800023c   Section        0  libinit2.o(.ARM.Collect$$libinit$$0000001B)
    .ARM.Collect$$libinit$$0000001D          0x0800023c   Section        0  libinit2.o(.ARM.Collect$$libinit$$0000001D)
    .ARM.Collect$$libinit$$0000001F          0x0800023c   Section        0  libinit2.o(.ARM.Collect$$libinit$$0000001F)
    .ARM.Collect$$libinit$$00000021          0x0800023c   Section        0  libinit2.o(.ARM.Collect$$libinit$$00000021)
    .ARM.Collect$$libinit$$00000023          0x0800023c   Section        0  libinit2.o(.ARM.Collect$$libinit$$00000023)
    .ARM.Collect$$libinit$$00000025          0x0800023c   Section        0  libinit2.o(.ARM.Collect$$libinit$$00000025)
    .ARM.Collect$$libinit$$0000002C          0x0800023c   Section        0  libinit2.o(.ARM.Collect$$libinit$$0000002C)
    .ARM.Collect$$libinit$$0000002E          0x0800023c   Section        0  libinit2.o(.ARM.Collect$$libinit$$0000002E)
    .ARM.Collect$$libinit$$00000030          0x0800023c   Section        0  libinit2.o(.ARM.Collect$$libinit$$00000030)
    .ARM.Collect$$libinit$$00000032          0x0800023c   Section        0  libinit2.o(.ARM.Collect$$libinit$$00000032)
    .ARM.Collect$$libinit$$00000033          0x0800023c   Section        2  libinit2.o(.ARM.Collect$$libinit$$00000033)
    .ARM.Collect$$libshutdown$$00000000      0x0800023e   Section        2  libshutdown.o(.ARM.Collect$$libshutdown$$00000000)
    .ARM.Collect$$libshutdown$$00000002      0x08000240   Section        0  libshutdown2.o(.ARM.Collect$$libshutdown$$00000002)
    .ARM.Collect$$libshutdown$$00000004      0x08000240   Section        0  libshutdown2.o(.ARM.Collect$$libshutdown$$00000004)
    .ARM.Collect$$libshutdown$$00000007      0x08000240   Section        0  libshutdown2.o(.ARM.Collect$$libshutdown$$00000007)
    .ARM.Collect$$libshutdown$$0000000A      0x08000240   Section        0  libshutdown2.o(.ARM.Collect$$libshutdown$$0000000A)
    .ARM.Collect$$libshutdown$$0000000C      0x08000240   Section        0  libshutdown2.o(.ARM.Collect$$libshutdown$$0000000C)
    .ARM.Collect$$libshutdown$$0000000F      0x08000240   Section        0  libshutdown2.o(.ARM.Collect$$libshutdown$$0000000F)
    .ARM.Collect$$libshutdown$$00000010      0x08000240   Section        2  libshutdown2.o(.ARM.Collect$$libshutdown$$00000010)
    .ARM.Collect$$rtentry$$00000000          0x08000242   Section        0  __rtentry.o(.ARM.Collect$$rtentry$$00000000)
    .ARM.Collect$$rtentry$$00000002          0x08000242   Section        0  __rtentry2.o(.ARM.Collect$$rtentry$$00000002)
    .ARM.Collect$$rtentry$$00000004          0x08000242   Section        6  __rtentry4.o(.ARM.Collect$$rtentry$$00000004)
    .ARM.Collect$$rtentry$$00000009          0x08000248   Section        0  __rtentry2.o(.ARM.Collect$$rtentry$$00000009)
    .ARM.Collect$$rtentry$$0000000A          0x08000248   Section        4  __rtentry2.o(.ARM.Collect$$rtentry$$0000000A)
    .ARM.Collect$$rtentry$$0000000C          0x0800024c   Section        0  __rtentry2.o(.ARM.Collect$$rtentry$$0000000C)
    .ARM.Collect$$rtentry$$0000000D          0x0800024c   Section        8  __rtentry2.o(.ARM.Collect$$rtentry$$0000000D)
    .ARM.Collect$$rtexit$$00000000           0x08000254   Section        2  rtexit.o(.ARM.Collect$$rtexit$$00000000)
    .ARM.Collect$$rtexit$$00000002           0x08000256   Section        0  rtexit2.o(.ARM.Collect$$rtexit$$00000002)
    .ARM.Collect$$rtexit$$00000003           0x08000256   Section        4  rtexit2.o(.ARM.Collect$$rtexit$$00000003)
    .ARM.Collect$$rtexit$$00000004           0x0800025a   Section        6  rtexit2.o(.ARM.Collect$$rtexit$$00000004)
    .text                                    0x08000260   Section       56  startup_stm32f072xb.o(.text)
    .text                                    0x08000298   Section        0  lludiv.o(.text)
    .text                                    0x0800039c   Section        0  vsprintf.o(.text)
    .text                                    0x080003c0   Section        0  __2sprintf.o(.text)
    .text                                    0x080003ec   Section        0  _printf_str.o(.text)
    .text                                    0x08000440   Section        0  __printf_flags_ss_wp.o(.text)
    .text                                    0x080005c8   Section        0  strstr.o(.text)
    .text                                    0x080005f0   Section        0  strlen.o(.text)
    .text                                    0x08000634   Section        0  rt_memclr.o(.text)
    .text                                    0x08000674   Section      346  aeabi_sdiv.o(.text)
    .text                                    0x080007ce   Section        0  heapauxi.o(.text)
    .text                                    0x080007d4   Section        0  _printf_pad.o(.text)
    .text                                    0x08000822   Section        0  _printf_truncate.o(.text)
    .text                                    0x08000848   Section        0  _printf_dec.o(.text)
    .text                                    0x080008b4   Section        0  _printf_charcount.o(.text)
    .text                                    0x080008dc   Section        0  _printf_char_common.o(.text)
    _printf_input_char                       0x080008dd   Thumb Code    10  _printf_char_common.o(.text)
    .text                                    0x0800090c   Section        0  _sputc.o(.text)
    .text                                    0x08000916   Section        0  _printf_char.o(.text)
    .text                                    0x08000944   Section        0  _printf_wctomb.o(.text)
    .text                                    0x08000a00   Section        0  _printf_longlong_dec.o(.text)
    .text                                    0x08000a70   Section        0  _printf_oct_int_ll.o(.text)
    _printf_longlong_oct_internal            0x08000a71   Thumb Code     0  _printf_oct_int_ll.o(.text)
    .text                                    0x08000ae0   Section        0  _printf_hex_int_ll_ptr.o(.text)
    _printf_hex_common                       0x08000ae1   Thumb Code     0  _printf_hex_int_ll_ptr.o(.text)
    .text                                    0x08000b78   Section        0  lludiv10.o(.text)
    .text                                    0x08000bf2   Section        0  _printf_intcommon.o(.text)
    .text                                    0x08000ca4   Section        0  _printf_fp_dec.o(.text)
    _fp_digits                               0x08000ca7   Thumb Code   412  _printf_fp_dec.o(.text)
    .text                                    0x080010bc   Section        0  _printf_fp_hex.o(.text)
    .text                                    0x08001394   Section        0  _printf_wchar.o(.text)
    .text                                    0x080013c2   Section        0  _wcrtomb.o(.text)
    .text                                    0x08001402   Section        0  rtudiv10.o(.text)
    .text                                    0x0800142a   Section       62  sys_stackheap_outer.o(.text)
    .text                                    0x08001468   Section       16  rt_ctype_table.o(.text)
    .text                                    0x08001478   Section        8  rt_locale_intlibspace.o(.text)
    .text                                    0x08001480   Section        0  _printf_fp_infnan.o(.text)
    .text                                    0x08001508   Section        0  bigflt0.o(.text)
    .text                                    0x080015e0   Section        0  btod.o(.text)
    btod_internal_mul                        0x08001621   Thumb Code   492  btod.o(.text)
    btod_internal_div                        0x0800180d   Thumb Code   520  btod.o(.text)
    .text                                    0x08001b60   Section        0  exit.o(.text)
    .text                                    0x08001b70   Section        8  libspace.o(.text)
    .text                                    0x08001b78   Section        0  strcmp.o(.text)
    .text                                    0x08001c00   Section        0  sys_exit.o(.text)
    .text                                    0x08001c0c   Section        2  use_no_semi.o(.text)
    .text                                    0x08001c0e   Section        0  indicate_semi.o(.text)
    i.HAL_DMA_Abort                          0x08001c0e   Section        0  stm32f0xx_hal_dma.o(i.HAL_DMA_Abort)
    i.HAL_DMA_Abort_IT                       0x08001c4e   Section        0  stm32f0xx_hal_dma.o(i.HAL_DMA_Abort_IT)
    i.HAL_Delay                              0x08001c98   Section        0  stm32f0xx_hal.o(i.HAL_Delay)
    i.HAL_GPIO_Init                          0x08001cbc   Section        0  stm32f0xx_hal_gpio.o(i.HAL_GPIO_Init)
    i.HAL_GPIO_WritePin                      0x08001e70   Section        0  stm32f0xx_hal_gpio.o(i.HAL_GPIO_WritePin)
    i.HAL_GetTick                            0x08001e7c   Section        0  stm32f0xx_hal.o(i.HAL_GetTick)
    i.HAL_IncTick                            0x08001e88   Section        0  stm32f0xx_hal.o(i.HAL_IncTick)
    i.HAL_Init                               0x08001e98   Section        0  stm32f0xx_hal.o(i.HAL_Init)
    i.HAL_InitTick                           0x08001eb8   Section        0  stm32f0xx_hal.o(i.HAL_InitTick)
    i.HAL_MspInit                            0x08001efc   Section        0  stm32f0xx_hal_msp.o(i.HAL_MspInit)
    i.HAL_NVIC_EnableIRQ                     0x08001f24   Section        0  stm32f0xx_hal_cortex.o(i.HAL_NVIC_EnableIRQ)
    i.HAL_NVIC_SetPriority                   0x08001f3c   Section        0  stm32f0xx_hal_cortex.o(i.HAL_NVIC_SetPriority)
    i.HAL_RCCEx_PeriphCLKConfig              0x08001f44   Section        0  stm32f0xx_hal_rcc_ex.o(i.HAL_RCCEx_PeriphCLKConfig)
    i.HAL_RCC_ClockConfig                    0x08002064   Section        0  stm32f0xx_hal_rcc.o(i.HAL_RCC_ClockConfig)
    i.HAL_RCC_GetPCLK1Freq                   0x08002174   Section        0  stm32f0xx_hal_rcc.o(i.HAL_RCC_GetPCLK1Freq)
    i.HAL_RCC_GetSysClockFreq                0x08002194   Section        0  stm32f0xx_hal_rcc.o(i.HAL_RCC_GetSysClockFreq)
    i.HAL_RCC_OscConfig                      0x080021fc   Section        0  stm32f0xx_hal_rcc.o(i.HAL_RCC_OscConfig)
    i.HAL_SYSTICK_Config                     0x08002600   Section        0  stm32f0xx_hal_cortex.o(i.HAL_SYSTICK_Config)
    i.HAL_UARTEx_ReceiveToIdle_IT            0x08002630   Section        0  stm32f0xx_hal_uart_ex.o(i.HAL_UARTEx_ReceiveToIdle_IT)
    i.HAL_UARTEx_RxEventCallback             0x0800269c   Section        0  main.o(i.HAL_UARTEx_RxEventCallback)
    i.HAL_UARTEx_WakeupCallback              0x080026cc   Section        0  stm32f0xx_hal_uart_ex.o(i.HAL_UARTEx_WakeupCallback)
    i.HAL_UART_ErrorCallback                 0x080026ce   Section        0  stm32f0xx_hal_uart.o(i.HAL_UART_ErrorCallback)
    i.HAL_UART_IRQHandler                    0x080026d0   Section        0  stm32f0xx_hal_uart.o(i.HAL_UART_IRQHandler)
    i.HAL_UART_Init                          0x0800297c   Section        0  stm32f0xx_hal_uart.o(i.HAL_UART_Init)
    i.HAL_UART_MspInit                       0x080029e8   Section        0  stm32f0xx_hal_msp.o(i.HAL_UART_MspInit)
    i.HAL_UART_RxCpltCallback                0x08002aa0   Section        0  stm32f0xx_hal_uart.o(i.HAL_UART_RxCpltCallback)
    i.HAL_UART_Transmit                      0x08002aa2   Section        0  stm32f0xx_hal_uart.o(i.HAL_UART_Transmit)
    i.HAL_UART_TxCpltCallback                0x08002b62   Section        0  stm32f0xx_hal_uart.o(i.HAL_UART_TxCpltCallback)
    i.HardFault_Handler                      0x08002b64   Section        0  stm32f0xx_it.o(i.HardFault_Handler)
    i.MX_GPIO_Init                           0x08002b68   Section        0  main.o(i.MX_GPIO_Init)
    MX_GPIO_Init                             0x08002b69   Thumb Code    82  main.o(i.MX_GPIO_Init)
    i.MX_USART2_UART_Init                    0x08002bc4   Section        0  main.o(i.MX_USART2_UART_Init)
    MX_USART2_UART_Init                      0x08002bc5   Thumb Code    48  main.o(i.MX_USART2_UART_Init)
    i.MX_USART3_UART_Init                    0x08002bfc   Section        0  main.o(i.MX_USART3_UART_Init)
    MX_USART3_UART_Init                      0x08002bfd   Thumb Code    48  main.o(i.MX_USART3_UART_Init)
    i.NMI_Handler                            0x08002c34   Section        0  stm32f0xx_it.o(i.NMI_Handler)
    i.PendSV_Handler                         0x08002c36   Section        0  stm32f0xx_it.o(i.PendSV_Handler)
    i.SVC_Handler                            0x08002c38   Section        0  stm32f0xx_it.o(i.SVC_Handler)
    i.Send_AT_cmd                            0x08002c3c   Section        0  main.o(i.Send_AT_cmd)
    i.SysTick_Handler                        0x08002ce8   Section        0  stm32f0xx_it.o(i.SysTick_Handler)
    i.SystemClock_Config                     0x08002cf0   Section        0  main.o(i.SystemClock_Config)
    i.SystemInit                             0x08002d64   Section        0  system_stm32f0xx.o(i.SystemInit)
    i.UART_AdvFeatureConfig                  0x08002d66   Section        0  stm32f0xx_hal_uart.o(i.UART_AdvFeatureConfig)
    i.UART_CheckIdleState                    0x08002e30   Section        0  stm32f0xx_hal_uart.o(i.UART_CheckIdleState)
    i.UART_DMAAbortOnError                   0x08002ef4   Section        0  stm32f0xx_hal_uart.o(i.UART_DMAAbortOnError)
    UART_DMAAbortOnError                     0x08002ef5   Thumb Code    20  stm32f0xx_hal_uart.o(i.UART_DMAAbortOnError)
    i.UART_EndRxTransfer                     0x08002f08   Section        0  stm32f0xx_hal_uart.o(i.UART_EndRxTransfer)
    UART_EndRxTransfer                       0x08002f09   Thumb Code    96  stm32f0xx_hal_uart.o(i.UART_EndRxTransfer)
    i.UART_RxISR_16BIT                       0x08002f68   Section        0  stm32f0xx_hal_uart.o(i.UART_RxISR_16BIT)
    UART_RxISR_16BIT                         0x08002f69   Thumb Code   206  stm32f0xx_hal_uart.o(i.UART_RxISR_16BIT)
    i.UART_RxISR_8BIT                        0x08003036   Section        0  stm32f0xx_hal_uart.o(i.UART_RxISR_8BIT)
    UART_RxISR_8BIT                          0x08003037   Thumb Code   206  stm32f0xx_hal_uart.o(i.UART_RxISR_8BIT)
    i.UART_SetConfig                         0x08003104   Section        0  stm32f0xx_hal_uart.o(i.UART_SetConfig)
    i.UART_Start_Receive_IT                  0x08003264   Section        0  stm32f0xx_hal_uart.o(i.UART_Start_Receive_IT)
    i.UART_WaitOnFlagUntilTimeout            0x0800332c   Section        0  stm32f0xx_hal_uart.o(i.UART_WaitOnFlagUntilTimeout)
    i.USART2_IRQHandler                      0x080033b8   Section        0  stm32f0xx_it.o(i.USART2_IRQHandler)
    i.USART3_4_IRQHandler                    0x080033c8   Section        0  stm32f0xx_it.o(i.USART3_4_IRQHandler)
    i.__ARM_common_ll_muluu                  0x080033d8   Section        0  stm32f0xx_hal_rcc.o(i.__ARM_common_ll_muluu)
    i.__ARM_fpclassify                       0x08003408   Section        0  fpclassify.o(i.__ARM_fpclassify)
    i.__NVIC_SetPriority                     0x08003434   Section        0  stm32f0xx_hal_cortex.o(i.__NVIC_SetPriority)
    __NVIC_SetPriority                       0x08003435   Thumb Code    60  stm32f0xx_hal_cortex.o(i.__NVIC_SetPriority)
    i._is_digit                              0x08003478   Section        0  __printf_wp.o(i._is_digit)
    i.debug_printf                           0x08003488   Section        0  main.o(i.debug_printf)
    i.gsm_on                                 0x080034c4   Section        0  main.o(i.gsm_on)
    i.main                                   0x080034f0   Section        0  main.o(i.main)
    locale$$code                             0x08003960   Section       44  lc_numeric_c.o(locale$$code)
    locale$$code                             0x0800398c   Section       44  lc_ctype_c.o(locale$$code)
    x$fpl$printf1                            0x080039b8   Section       16  printf1.o(x$fpl$printf1)
    x$fpl$printf2                            0x080039c8   Section       16  printf2.o(x$fpl$printf2)
    .constdata                               0x080039d8   Section       32  stm32f0xx_hal_rcc.o(.constdata)
    x$fpl$usenofp                            0x080039d8   Section        0  usenofp.o(x$fpl$usenofp)
    aPLLMULFactorTable                       0x080039d8   Data          16  stm32f0xx_hal_rcc.o(.constdata)
    aPredivFactorTable                       0x080039e8   Data          16  stm32f0xx_hal_rcc.o(.constdata)
    .constdata                               0x080039f8   Section       16  system_stm32f0xx.o(.constdata)
    .constdata                               0x08003a08   Section        8  system_stm32f0xx.o(.constdata)
    .constdata                               0x08003a10   Section       17  __printf_flags_ss_wp.o(.constdata)
    maptable                                 0x08003a10   Data          17  __printf_flags_ss_wp.o(.constdata)
    .constdata                               0x08003a24   Section        8  _printf_wctomb.o(.constdata)
    initial_mbstate                          0x08003a24   Data           8  _printf_wctomb.o(.constdata)
    .constdata                               0x08003a2c   Section       40  _printf_hex_int_ll_ptr.o(.constdata)
    uc_hextab                                0x08003a2c   Data          20  _printf_hex_int_ll_ptr.o(.constdata)
    lc_hextab                                0x08003a40   Data          20  _printf_hex_int_ll_ptr.o(.constdata)
    .constdata                               0x08003a54   Section       38  _printf_fp_hex.o(.constdata)
    lc_hextab                                0x08003a54   Data          19  _printf_fp_hex.o(.constdata)
    uc_hextab                                0x08003a67   Data          19  _printf_fp_hex.o(.constdata)
    .constdata                               0x08003a7c   Section      148  bigflt0.o(.constdata)
    tenpwrs_x                                0x08003a7c   Data          60  bigflt0.o(.constdata)
    tenpwrs_i                                0x08003ab8   Data          64  bigflt0.o(.constdata)
    .conststring                             0x08003b10   Section       69  main.o(.conststring)
    locale$$data                             0x08003b78   Section       28  lc_numeric_c.o(locale$$data)
    __lcnum_c_name                           0x08003b7c   Data           2  lc_numeric_c.o(locale$$data)
    __lcnum_c_start                          0x08003b84   Data           0  lc_numeric_c.o(locale$$data)
    __lcnum_c_point                          0x08003b90   Data           0  lc_numeric_c.o(locale$$data)
    __lcnum_c_thousands                      0x08003b92   Data           0  lc_numeric_c.o(locale$$data)
    __lcnum_c_grouping                       0x08003b93   Data           0  lc_numeric_c.o(locale$$data)
    locale$$data                             0x08003b94   Section      272  lc_ctype_c.o(locale$$data)
    __lcnum_c_end                            0x08003b94   Data           0  lc_numeric_c.o(locale$$data)
    __lcctype_c_name                         0x08003b98   Data           2  lc_ctype_c.o(locale$$data)
    __lcctype_c_start                        0x08003ba0   Data           0  lc_ctype_c.o(locale$$data)
    __lcctype_c_end                          0x08003ca4   Data           0  lc_ctype_c.o(locale$$data)
    .data                                    0x20000000   Section        1  main.o(.data)
    .data                                    0x20000004   Section       12  stm32f0xx_hal.o(.data)
    .data                                    0x20000010   Section        4  system_stm32f0xx.o(.data)
    .bss                                     0x20000014   Section      872  main.o(.bss)
    .bss                                     0x2000037c   Section       96  libspace.o(.bss)
    HEAP                                     0x200003e0   Section      512  startup_stm32f072xb.o(HEAP)
    Heap_Mem                                 0x200003e0   Data         512  startup_stm32f072xb.o(HEAP)
    STACK                                    0x200005e0   Section     1024  startup_stm32f072xb.o(STACK)
    Stack_Mem                                0x200005e0   Data        1024  startup_stm32f072xb.o(STACK)
    __initial_sp                             0x200009e0   Data           0  startup_stm32f072xb.o(STACK)

    Global Symbols

    Symbol Name                              Value     Ov Type        Size  Object(Section)

    BuildAttributes$$THM_ISAv3M$S$PE$A:L22$X:L11$S22$IEEE1$IW$USESV6$~STKCKD$USESV7$~SHL$OTIME$ROPI$IEEEJ$EBA8$UX$STANDARDLIB$REQ8$PRES8$EABIv2 0x00000000   Number         0  anon$$obj.o ABSOLUTE
    __ARM_use_no_argv                        0x00000000   Number         0  main.o ABSOLUTE
    _printf_flags                            0x00000000   Number         0  printf_stubs.o ABSOLUTE
    _printf_return_value                     0x00000000   Number         0  printf_stubs.o ABSOLUTE
    _printf_sizespec                         0x00000000   Number         0  printf_stubs.o ABSOLUTE
    _printf_widthprec                        0x00000000   Number         0  printf_stubs.o ABSOLUTE
    __ARM_exceptions_init                     - Undefined Weak Reference
    __alloca_initialize                       - Undefined Weak Reference
    __arm_preinit_                            - Undefined Weak Reference
    __cpp_initialize__aeabi_                  - Undefined Weak Reference
    __cxa_finalize                            - Undefined Weak Reference
    __sigvec_lookup                           - Undefined Weak Reference
    _atexit_init                              - Undefined Weak Reference
    _call_atexit_fns                          - Undefined Weak Reference
    _clock_init                               - Undefined Weak Reference
    _fp_trap_init                             - Undefined Weak Reference
    _fp_trap_shutdown                         - Undefined Weak Reference
    _get_lc_collate                           - Undefined Weak Reference
    _get_lc_monetary                          - Undefined Weak Reference
    _get_lc_time                              - Undefined Weak Reference
    _getenv_init                              - Undefined Weak Reference
    _handle_redirection                       - Undefined Weak Reference
    _init_alloc                               - Undefined Weak Reference
    _init_user_alloc                          - Undefined Weak Reference
    _initio                                   - Undefined Weak Reference
    _printf_mbtowc                            - Undefined Weak Reference
    _printf_wc                                - Undefined Weak Reference
    _rand_init                                - Undefined Weak Reference
    _signal_finish                            - Undefined Weak Reference
    _signal_init                              - Undefined Weak Reference
    _terminate_alloc                          - Undefined Weak Reference
    _terminate_user_alloc                     - Undefined Weak Reference
    _terminateio                              - Undefined Weak Reference
    __Vectors_Size                           0x000000c0   Number         0  startup_stm32f072xb.o ABSOLUTE
    __Vectors                                0x08000000   Data           4  startup_stm32f072xb.o(RESET)
    __Vectors_End                            0x080000c0   Data           0  startup_stm32f072xb.o(RESET)
    __main                                   0x080000c1   Thumb Code     8  __main.o(!!!main)
    __scatterload                            0x080000c9   Thumb Code     0  __scatter.o(!!!scatter)
    __scatterload_rt2                        0x080000c9   Thumb Code    52  __scatter.o(!!!scatter)
    __scatterload_rt2_thumb_only             0x080000c9   Thumb Code     0  __scatter.o(!!!scatter)
    __scatterload_null                       0x080000d9   Thumb Code     0  __scatter.o(!!!scatter)
    __scatterload_copy                       0x08000105   Thumb Code    26  __scatter_copy.o(!!handler_copy)
    __scatterload_zeroinit                   0x08000121   Thumb Code    28  __scatter_zi.o(!!handler_zi)
    _printf_percent                          0x0800013d   Thumb Code     0  _printf_percent.o(.ARM.Collect$$_printf_percent$$00000000)
    _printf_n                                0x0800013f   Thumb Code     0  _printf_n.o(.ARM.Collect$$_printf_percent$$00000001)
    _printf_p                                0x08000149   Thumb Code     0  _printf_p.o(.ARM.Collect$$_printf_percent$$00000002)
    _printf_f                                0x08000153   Thumb Code     0  _printf_f.o(.ARM.Collect$$_printf_percent$$00000003)
    _printf_e                                0x0800015d   Thumb Code     0  _printf_e.o(.ARM.Collect$$_printf_percent$$00000004)
    _printf_g                                0x08000167   Thumb Code     0  _printf_g.o(.ARM.Collect$$_printf_percent$$00000005)
    _printf_a                                0x08000171   Thumb Code     0  _printf_a.o(.ARM.Collect$$_printf_percent$$00000006)
    _printf_ll                               0x0800017b   Thumb Code     0  _printf_ll.o(.ARM.Collect$$_printf_percent$$00000007)
    _printf_i                                0x08000185   Thumb Code     0  _printf_i.o(.ARM.Collect$$_printf_percent$$00000008)
    _printf_d                                0x0800018f   Thumb Code     0  _printf_d.o(.ARM.Collect$$_printf_percent$$00000009)
    _printf_u                                0x08000199   Thumb Code     0  _printf_u.o(.ARM.Collect$$_printf_percent$$0000000A)
    _printf_o                                0x080001a3   Thumb Code     0  _printf_o.o(.ARM.Collect$$_printf_percent$$0000000B)
    _printf_x                                0x080001ad   Thumb Code     0  _printf_x.o(.ARM.Collect$$_printf_percent$$0000000C)
    _printf_lli                              0x080001b7   Thumb Code     0  _printf_lli.o(.ARM.Collect$$_printf_percent$$0000000D)
    _printf_lld                              0x080001c1   Thumb Code     0  _printf_lld.o(.ARM.Collect$$_printf_percent$$0000000E)
    _printf_llu                              0x080001cb   Thumb Code     0  _printf_llu.o(.ARM.Collect$$_printf_percent$$0000000F)
    _printf_llo                              0x080001d5   Thumb Code     0  _printf_llo.o(.ARM.Collect$$_printf_percent$$00000010)
    _printf_llx                              0x080001df   Thumb Code     0  _printf_llx.o(.ARM.Collect$$_printf_percent$$00000011)
    _printf_l                                0x080001e9   Thumb Code     0  _printf_l.o(.ARM.Collect$$_printf_percent$$00000012)
    _printf_c                                0x080001f3   Thumb Code     0  _printf_c.o(.ARM.Collect$$_printf_percent$$00000013)
    _printf_s                                0x080001fd   Thumb Code     0  _printf_s.o(.ARM.Collect$$_printf_percent$$00000014)
    _printf_lc                               0x08000207   Thumb Code     0  _printf_lc.o(.ARM.Collect$$_printf_percent$$00000015)
    _printf_ls                               0x08000211   Thumb Code     0  _printf_ls.o(.ARM.Collect$$_printf_percent$$00000016)
    _printf_percent_end                      0x0800021b   Thumb Code     0  _printf_percent_end.o(.ARM.Collect$$_printf_percent$$00000017)
    __rt_lib_init                            0x0800021f   Thumb Code     0  libinit.o(.ARM.Collect$$libinit$$00000000)
    __rt_lib_init_fp_1                       0x08000221   Thumb Code     0  libinit2.o(.ARM.Collect$$libinit$$00000002)
    __rt_lib_init_heap_1                     0x08000221   Thumb Code     0  libinit2.o(.ARM.Collect$$libinit$$0000000A)
    __rt_lib_init_lc_common                  0x08000221   Thumb Code     0  libinit2.o(.ARM.Collect$$libinit$$0000000F)
    __rt_lib_init_preinit_1                  0x08000221   Thumb Code     0  libinit2.o(.ARM.Collect$$libinit$$00000004)
    __rt_lib_init_rand_1                     0x08000221   Thumb Code     0  libinit2.o(.ARM.Collect$$libinit$$0000000E)
    __rt_lib_init_user_alloc_1               0x08000221   Thumb Code     0  libinit2.o(.ARM.Collect$$libinit$$0000000C)
    __rt_lib_init_lc_collate_1               0x08000227   Thumb Code     0  libinit2.o(.ARM.Collect$$libinit$$00000011)
    __rt_lib_init_lc_ctype_2                 0x08000227   Thumb Code     0  libinit2.o(.ARM.Collect$$libinit$$00000012)
    __rt_lib_init_lc_ctype_1                 0x08000233   Thumb Code     0  libinit2.o(.ARM.Collect$$libinit$$00000013)
    __rt_lib_init_lc_monetary_1              0x08000233   Thumb Code     0  libinit2.o(.ARM.Collect$$libinit$$00000015)
    __rt_lib_init_lc_numeric_2               0x08000233   Thumb Code     0  libinit2.o(.ARM.Collect$$libinit$$00000016)
    __rt_lib_init_alloca_1                   0x0800023d   Thumb Code     0  libinit2.o(.ARM.Collect$$libinit$$0000002E)
    __rt_lib_init_argv_1                     0x0800023d   Thumb Code     0  libinit2.o(.ARM.Collect$$libinit$$0000002C)
    __rt_lib_init_atexit_1                   0x0800023d   Thumb Code     0  libinit2.o(.ARM.Collect$$libinit$$0000001B)
    __rt_lib_init_clock_1                    0x0800023d   Thumb Code     0  libinit2.o(.ARM.Collect$$libinit$$00000021)
    __rt_lib_init_cpp_1                      0x0800023d   Thumb Code     0  libinit2.o(.ARM.Collect$$libinit$$00000032)
    __rt_lib_init_exceptions_1               0x0800023d   Thumb Code     0  libinit2.o(.ARM.Collect$$libinit$$00000030)
    __rt_lib_init_fp_trap_1                  0x0800023d   Thumb Code     0  libinit2.o(.ARM.Collect$$libinit$$0000001F)
    __rt_lib_init_getenv_1                   0x0800023d   Thumb Code     0  libinit2.o(.ARM.Collect$$libinit$$00000023)
    __rt_lib_init_lc_numeric_1               0x0800023d   Thumb Code     0  libinit2.o(.ARM.Collect$$libinit$$00000017)
    __rt_lib_init_lc_time_1                  0x0800023d   Thumb Code     0  libinit2.o(.ARM.Collect$$libinit$$00000019)
    __rt_lib_init_return                     0x0800023d   Thumb Code     0  libinit2.o(.ARM.Collect$$libinit$$00000033)
    __rt_lib_init_signal_1                   0x0800023d   Thumb Code     0  libinit2.o(.ARM.Collect$$libinit$$0000001D)
    __rt_lib_init_stdio_1                    0x0800023d   Thumb Code     0  libinit2.o(.ARM.Collect$$libinit$$00000025)
    __rt_lib_shutdown                        0x0800023f   Thumb Code     0  libshutdown.o(.ARM.Collect$$libshutdown$$00000000)
    __rt_lib_shutdown_cpp_1                  0x08000241   Thumb Code     0  libshutdown2.o(.ARM.Collect$$libshutdown$$00000002)
    __rt_lib_shutdown_fp_trap_1              0x08000241   Thumb Code     0  libshutdown2.o(.ARM.Collect$$libshutdown$$00000007)
    __rt_lib_shutdown_heap_1                 0x08000241   Thumb Code     0  libshutdown2.o(.ARM.Collect$$libshutdown$$0000000F)
    __rt_lib_shutdown_return                 0x08000241   Thumb Code     0  libshutdown2.o(.ARM.Collect$$libshutdown$$00000010)
    __rt_lib_shutdown_signal_1               0x08000241   Thumb Code     0  libshutdown2.o(.ARM.Collect$$libshutdown$$0000000A)
    __rt_lib_shutdown_stdio_1                0x08000241   Thumb Code     0  libshutdown2.o(.ARM.Collect$$libshutdown$$00000004)
    __rt_lib_shutdown_user_alloc_1           0x08000241   Thumb Code     0  libshutdown2.o(.ARM.Collect$$libshutdown$$0000000C)
    __rt_entry                               0x08000243   Thumb Code     0  __rtentry.o(.ARM.Collect$$rtentry$$00000000)
    __rt_entry_presh_1                       0x08000243   Thumb Code     0  __rtentry2.o(.ARM.Collect$$rtentry$$00000002)
    __rt_entry_sh                            0x08000243   Thumb Code     0  __rtentry4.o(.ARM.Collect$$rtentry$$00000004)
    __rt_entry_li                            0x08000249   Thumb Code     0  __rtentry2.o(.ARM.Collect$$rtentry$$0000000A)
    __rt_entry_postsh_1                      0x08000249   Thumb Code     0  __rtentry2.o(.ARM.Collect$$rtentry$$00000009)
    __rt_entry_main                          0x0800024d   Thumb Code     0  __rtentry2.o(.ARM.Collect$$rtentry$$0000000D)
    __rt_entry_postli_1                      0x0800024d   Thumb Code     0  __rtentry2.o(.ARM.Collect$$rtentry$$0000000C)
    __rt_exit                                0x08000255   Thumb Code     0  rtexit.o(.ARM.Collect$$rtexit$$00000000)
    __rt_exit_ls                             0x08000257   Thumb Code     0  rtexit2.o(.ARM.Collect$$rtexit$$00000003)
    __rt_exit_prels_1                        0x08000257   Thumb Code     0  rtexit2.o(.ARM.Collect$$rtexit$$00000002)
    __rt_exit_exit                           0x0800025b   Thumb Code     0  rtexit2.o(.ARM.Collect$$rtexit$$00000004)
    Reset_Handler                            0x08000261   Thumb Code     8  startup_stm32f072xb.o(.text)
    ADC1_COMP_IRQHandler                     0x08000273   Thumb Code     0  startup_stm32f072xb.o(.text)
    CEC_CAN_IRQHandler                       0x08000273   Thumb Code     0  startup_stm32f072xb.o(.text)
    DMA1_Channel1_IRQHandler                 0x08000273   Thumb Code     0  startup_stm32f072xb.o(.text)
    DMA1_Channel2_3_IRQHandler               0x08000273   Thumb Code     0  startup_stm32f072xb.o(.text)
    DMA1_Channel4_5_6_7_IRQHandler           0x08000273   Thumb Code     0  startup_stm32f072xb.o(.text)
    EXTI0_1_IRQHandler                       0x08000273   Thumb Code     0  startup_stm32f072xb.o(.text)
    EXTI2_3_IRQHandler                       0x08000273   Thumb Code     0  startup_stm32f072xb.o(.text)
    EXTI4_15_IRQHandler                      0x08000273   Thumb Code     0  startup_stm32f072xb.o(.text)
    FLASH_IRQHandler                         0x08000273   Thumb Code     0  startup_stm32f072xb.o(.text)
    I2C1_IRQHandler                          0x08000273   Thumb Code     0  startup_stm32f072xb.o(.text)
    I2C2_IRQHandler                          0x08000273   Thumb Code     0  startup_stm32f072xb.o(.text)
    PVD_VDDIO2_IRQHandler                    0x08000273   Thumb Code     0  startup_stm32f072xb.o(.text)
    RCC_CRS_IRQHandler                       0x08000273   Thumb Code     0  startup_stm32f072xb.o(.text)
    RTC_IRQHandler                           0x08000273   Thumb Code     0  startup_stm32f072xb.o(.text)
    SPI1_IRQHandler                          0x08000273   Thumb Code     0  startup_stm32f072xb.o(.text)
    SPI2_IRQHandler                          0x08000273   Thumb Code     0  startup_stm32f072xb.o(.text)
    TIM14_IRQHandler                         0x08000273   Thumb Code     0  startup_stm32f072xb.o(.text)
    TIM15_IRQHandler                         0x08000273   Thumb Code     0  startup_stm32f072xb.o(.text)
    TIM16_IRQHandler                         0x08000273   Thumb Code     0  startup_stm32f072xb.o(.text)
    TIM17_IRQHandler                         0x08000273   Thumb Code     0  startup_stm32f072xb.o(.text)
    TIM1_BRK_UP_TRG_COM_IRQHandler           0x08000273   Thumb Code     0  startup_stm32f072xb.o(.text)
    TIM1_CC_IRQHandler                       0x08000273   Thumb Code     0  startup_stm32f072xb.o(.text)
    TIM2_IRQHandler                          0x08000273   Thumb Code     0  startup_stm32f072xb.o(.text)
    TIM3_IRQHandler                          0x08000273   Thumb Code     0  startup_stm32f072xb.o(.text)
    TIM6_DAC_IRQHandler                      0x08000273   Thumb Code     0  startup_stm32f072xb.o(.text)
    TIM7_IRQHandler                          0x08000273   Thumb Code     0  startup_stm32f072xb.o(.text)
    TSC_IRQHandler                           0x08000273   Thumb Code     0  startup_stm32f072xb.o(.text)
    USART1_IRQHandler                        0x08000273   Thumb Code     0  startup_stm32f072xb.o(.text)
    USB_IRQHandler                           0x08000273   Thumb Code     0  startup_stm32f072xb.o(.text)
    WWDG_IRQHandler                          0x08000273   Thumb Code     0  startup_stm32f072xb.o(.text)
    __user_initial_stackheap                 0x08000275   Thumb Code     0  startup_stm32f072xb.o(.text)
    __aeabi_uldivmod                         0x08000299   Thumb Code   258  lludiv.o(.text)
    _ll_udiv                                 0x08000299   Thumb Code     0  lludiv.o(.text)
    vsprintf                                 0x0800039d   Thumb Code    32  vsprintf.o(.text)
    __2sprintf                               0x080003c1   Thumb Code    40  __2sprintf.o(.text)
    _printf_str                              0x080003ed   Thumb Code    82  _printf_str.o(.text)
    __printf                                 0x08000441   Thumb Code   386  __printf_flags_ss_wp.o(.text)
    strstr                                   0x080005c9   Thumb Code    40  strstr.o(.text)
    strlen                                   0x080005f1   Thumb Code    62  strlen.o(.text)
    _memset_w                                0x08000635   Thumb Code    26  rt_memclr.o(.text)
    _memset                                  0x0800064f   Thumb Code    30  rt_memclr.o(.text)
    __aeabi_memclr                           0x0800066d   Thumb Code     4  rt_memclr.o(.text)
    __rt_memclr                              0x0800066d   Thumb Code     0  rt_memclr.o(.text)
    __aeabi_memclr4                          0x08000671   Thumb Code     0  rt_memclr.o(.text)
    __aeabi_memclr8                          0x08000671   Thumb Code     0  rt_memclr.o(.text)
    __rt_memclr_w                            0x08000671   Thumb Code     4  rt_memclr.o(.text)
    __aeabi_uidiv                            0x08000675   Thumb Code     0  aeabi_sdiv.o(.text)
    __aeabi_uidivmod                         0x08000675   Thumb Code    20  aeabi_sdiv.o(.text)
    __aeabi_idiv                             0x08000689   Thumb Code     0  aeabi_sdiv.o(.text)
    __aeabi_idivmod                          0x08000689   Thumb Code   326  aeabi_sdiv.o(.text)
    __use_two_region_memory                  0x080007cf   Thumb Code     2  heapauxi.o(.text)
    __rt_heap_escrow$2region                 0x080007d1   Thumb Code     2  heapauxi.o(.text)
    __rt_heap_expand$2region                 0x080007d3   Thumb Code     2  heapauxi.o(.text)
    _printf_pre_padding                      0x080007d5   Thumb Code    44  _printf_pad.o(.text)
    _printf_post_padding                     0x08000801   Thumb Code    34  _printf_pad.o(.text)
    _printf_truncate_signed                  0x08000823   Thumb Code    18  _printf_truncate.o(.text)
    _printf_truncate_unsigned                0x08000835   Thumb Code    18  _printf_truncate.o(.text)
    _printf_int_dec                          0x08000849   Thumb Code    90  _printf_dec.o(.text)
    _printf_charcount                        0x080008b5   Thumb Code    38  _printf_charcount.o(.text)
    _printf_char_common                      0x080008e7   Thumb Code    32  _printf_char_common.o(.text)
    _sputc                                   0x0800090d   Thumb Code    10  _sputc.o(.text)
    _printf_cs_common                        0x08000917   Thumb Code    22  _printf_char.o(.text)
    _printf_char                             0x0800092d   Thumb Code    16  _printf_char.o(.text)
    _printf_string                           0x0800093d   Thumb Code     8  _printf_char.o(.text)
    _printf_wctomb                           0x08000945   Thumb Code   182  _printf_wctomb.o(.text)
    _printf_longlong_dec                     0x08000a01   Thumb Code    94  _printf_longlong_dec.o(.text)
    _printf_longlong_oct                     0x08000a71   Thumb Code    68  _printf_oct_int_ll.o(.text)
    _printf_int_oct                          0x08000ab5   Thumb Code    24  _printf_oct_int_ll.o(.text)
    _printf_ll_oct                           0x08000acd   Thumb Code    10  _printf_oct_int_ll.o(.text)
    _printf_longlong_hex                     0x08000ae1   Thumb Code    88  _printf_hex_int_ll_ptr.o(.text)
    _printf_int_hex                          0x08000b39   Thumb Code    28  _printf_hex_int_ll_ptr.o(.text)
    _printf_ll_hex                           0x08000b55   Thumb Code    10  _printf_hex_int_ll_ptr.o(.text)
    _printf_hex_ptr                          0x08000b5f   Thumb Code    22  _printf_hex_int_ll_ptr.o(.text)
    _ll_udiv10                               0x08000b79   Thumb Code   122  lludiv10.o(.text)
    _printf_int_common                       0x08000bf3   Thumb Code   176  _printf_intcommon.o(.text)
    __lib_sel_fp_printf                      0x08000ca5   Thumb Code     2  _printf_fp_dec.o(.text)
    _printf_fp_dec_real                      0x08000e43   Thumb Code   620  _printf_fp_dec.o(.text)
    _printf_fp_hex_real                      0x080010bd   Thumb Code   718  _printf_fp_hex.o(.text)
    _printf_lcs_common                       0x08001395   Thumb Code    22  _printf_wchar.o(.text)
    _printf_wchar                            0x080013ab   Thumb Code    16  _printf_wchar.o(.text)
    _printf_wstring                          0x080013bb   Thumb Code     8  _printf_wchar.o(.text)
    _wcrtomb                                 0x080013c3   Thumb Code    64  _wcrtomb.o(.text)
    __rt_udiv10                              0x08001403   Thumb Code    40  rtudiv10.o(.text)
    __user_setup_stackheap                   0x0800142b   Thumb Code    62  sys_stackheap_outer.o(.text)
    __rt_ctype_table                         0x08001469   Thumb Code    16  rt_ctype_table.o(.text)
    __rt_locale                              0x08001479   Thumb Code     8  rt_locale_intlibspace.o(.text)
    _printf_fp_infnan                        0x08001481   Thumb Code   120  _printf_fp_infnan.o(.text)
    _btod_etento                             0x08001509   Thumb Code   210  bigflt0.o(.text)
    _btod_d2e                                0x080015e1   Thumb Code    64  btod.o(.text)
    _btod_emul                               0x08001a15   Thumb Code    28  btod.o(.text)
    _btod_emuld                              0x08001a31   Thumb Code   144  btod.o(.text)
    _btod_ediv                               0x08001ac1   Thumb Code    26  btod.o(.text)
    _btod_edivd                              0x08001adb   Thumb Code   124  btod.o(.text)
    exit                                     0x08001b61   Thumb Code    16  exit.o(.text)
    __user_libspace                          0x08001b71   Thumb Code     8  libspace.o(.text)
    __user_perproc_libspace                  0x08001b71   Thumb Code     0  libspace.o(.text)
    __user_perthread_libspace                0x08001b71   Thumb Code     0  libspace.o(.text)
    strcmp                                   0x08001b79   Thumb Code   132  strcmp.o(.text)
    _sys_exit                                0x08001c01   Thumb Code     8  sys_exit.o(.text)
    __I$use$semihosting                      0x08001c0d   Thumb Code     0  use_no_semi.o(.text)
    __use_no_semihosting_swi                 0x08001c0d   Thumb Code     2  use_no_semi.o(.text)
    HAL_DMA_Abort                            0x08001c0f   Thumb Code    64  stm32f0xx_hal_dma.o(i.HAL_DMA_Abort)
    __semihosting_library_function           0x08001c0f   Thumb Code     0  indicate_semi.o(.text)
    HAL_DMA_Abort_IT                         0x08001c4f   Thumb Code    72  stm32f0xx_hal_dma.o(i.HAL_DMA_Abort_IT)
    HAL_Delay                                0x08001c99   Thumb Code    32  stm32f0xx_hal.o(i.HAL_Delay)
    HAL_GPIO_Init                            0x08001cbd   Thumb Code   406  stm32f0xx_hal_gpio.o(i.HAL_GPIO_Init)
    HAL_GPIO_WritePin                        0x08001e71   Thumb Code    12  stm32f0xx_hal_gpio.o(i.HAL_GPIO_WritePin)
    HAL_GetTick                              0x08001e7d   Thumb Code     6  stm32f0xx_hal.o(i.HAL_GetTick)
    HAL_IncTick                              0x08001e89   Thumb Code    12  stm32f0xx_hal.o(i.HAL_IncTick)
    HAL_Init                                 0x08001e99   Thumb Code    26  stm32f0xx_hal.o(i.HAL_Init)
    HAL_InitTick                             0x08001eb9   Thumb Code    58  stm32f0xx_hal.o(i.HAL_InitTick)
    HAL_MspInit                              0x08001efd   Thumb Code    34  stm32f0xx_hal_msp.o(i.HAL_MspInit)
    HAL_NVIC_EnableIRQ                       0x08001f25   Thumb Code    18  stm32f0xx_hal_cortex.o(i.HAL_NVIC_EnableIRQ)
    HAL_NVIC_SetPriority                     0x08001f3d   Thumb Code     8  stm32f0xx_hal_cortex.o(i.HAL_NVIC_SetPriority)
    HAL_RCCEx_PeriphCLKConfig                0x08001f45   Thumb Code   274  stm32f0xx_hal_rcc_ex.o(i.HAL_RCCEx_PeriphCLKConfig)
    HAL_RCC_ClockConfig                      0x08002065   Thumb Code   252  stm32f0xx_hal_rcc.o(i.HAL_RCC_ClockConfig)
    HAL_RCC_GetPCLK1Freq                     0x08002175   Thumb Code    20  stm32f0xx_hal_rcc.o(i.HAL_RCC_GetPCLK1Freq)
    HAL_RCC_GetSysClockFreq                  0x08002195   Thumb Code    86  stm32f0xx_hal_rcc.o(i.HAL_RCC_GetSysClockFreq)
    HAL_RCC_OscConfig                        0x080021fd   Thumb Code  1028  stm32f0xx_hal_rcc.o(i.HAL_RCC_OscConfig)
    HAL_SYSTICK_Config                       0x08002601   Thumb Code    38  stm32f0xx_hal_cortex.o(i.HAL_SYSTICK_Config)
    HAL_UARTEx_ReceiveToIdle_IT              0x08002631   Thumb Code   108  stm32f0xx_hal_uart_ex.o(i.HAL_UARTEx_ReceiveToIdle_IT)
    HAL_UARTEx_RxEventCallback               0x0800269d   Thumb Code    30  main.o(i.HAL_UARTEx_RxEventCallback)
    HAL_UARTEx_WakeupCallback                0x080026cd   Thumb Code     2  stm32f0xx_hal_uart_ex.o(i.HAL_UARTEx_WakeupCallback)
    HAL_UART_ErrorCallback                   0x080026cf   Thumb Code     2  stm32f0xx_hal_uart.o(i.HAL_UART_ErrorCallback)
    HAL_UART_IRQHandler                      0x080026d1   Thumb Code   670  stm32f0xx_hal_uart.o(i.HAL_UART_IRQHandler)
    HAL_UART_Init                            0x0800297d   Thumb Code   106  stm32f0xx_hal_uart.o(i.HAL_UART_Init)
    HAL_UART_MspInit                         0x080029e9   Thumb Code   168  stm32f0xx_hal_msp.o(i.HAL_UART_MspInit)
    HAL_UART_RxCpltCallback                  0x08002aa1   Thumb Code     2  stm32f0xx_hal_uart.o(i.HAL_UART_RxCpltCallback)
    HAL_UART_Transmit                        0x08002aa3   Thumb Code   192  stm32f0xx_hal_uart.o(i.HAL_UART_Transmit)
    HAL_UART_TxCpltCallback                  0x08002b63   Thumb Code     2  stm32f0xx_hal_uart.o(i.HAL_UART_TxCpltCallback)
    HardFault_Handler                        0x08002b65   Thumb Code     2  stm32f0xx_it.o(i.HardFault_Handler)
    NMI_Handler                              0x08002c35   Thumb Code     2  stm32f0xx_it.o(i.NMI_Handler)
    PendSV_Handler                           0x08002c37   Thumb Code     2  stm32f0xx_it.o(i.PendSV_Handler)
    SVC_Handler                              0x08002c39   Thumb Code     2  stm32f0xx_it.o(i.SVC_Handler)
    Send_AT_cmd                              0x08002c3d   Thumb Code   124  main.o(i.Send_AT_cmd)
    SysTick_Handler                          0x08002ce9   Thumb Code     8  stm32f0xx_it.o(i.SysTick_Handler)
    SystemClock_Config                       0x08002cf1   Thumb Code   116  main.o(i.SystemClock_Config)
    SystemInit                               0x08002d65   Thumb Code     2  system_stm32f0xx.o(i.SystemInit)
    UART_AdvFeatureConfig                    0x08002d67   Thumb Code   202  stm32f0xx_hal_uart.o(i.UART_AdvFeatureConfig)
    UART_CheckIdleState                      0x08002e31   Thumb Code   190  stm32f0xx_hal_uart.o(i.UART_CheckIdleState)
    UART_SetConfig                           0x08003105   Thumb Code   320  stm32f0xx_hal_uart.o(i.UART_SetConfig)
    UART_Start_Receive_IT                    0x08003265   Thumb Code   188  stm32f0xx_hal_uart.o(i.UART_Start_Receive_IT)
    UART_WaitOnFlagUntilTimeout              0x0800332d   Thumb Code   138  stm32f0xx_hal_uart.o(i.UART_WaitOnFlagUntilTimeout)
    USART2_IRQHandler                        0x080033b9   Thumb Code    10  stm32f0xx_it.o(i.USART2_IRQHandler)
    USART3_4_IRQHandler                      0x080033c9   Thumb Code    10  stm32f0xx_it.o(i.USART3_4_IRQHandler)
    __ARM_common_ll_muluu                    0x080033d9   Thumb Code    48  stm32f0xx_hal_rcc.o(i.__ARM_common_ll_muluu)
    __ARM_fpclassify                         0x08003409   Thumb Code    40  fpclassify.o(i.__ARM_fpclassify)
    _is_digit                                0x08003479   Thumb Code    14  __printf_wp.o(i._is_digit)
    debug_printf                             0x08003489   Thumb Code    54  main.o(i.debug_printf)
    gsm_on                                   0x080034c5   Thumb Code    40  main.o(i.gsm_on)
    main                                     0x080034f1   Thumb Code   606  main.o(i.main)
    _get_lc_numeric                          0x08003961   Thumb Code    44  lc_numeric_c.o(locale$$code)
    _get_lc_ctype                            0x0800398d   Thumb Code    44  lc_ctype_c.o(locale$$code)
    _printf_fp_dec                           0x080039b9   Thumb Code    16  printf1.o(x$fpl$printf1)
    _printf_fp_hex                           0x080039c9   Thumb Code    16  printf2.o(x$fpl$printf2)
    __I$use$fp                               0x080039d8   Number         0  usenofp.o(x$fpl$usenofp)
    AHBPrescTable                            0x080039f8   Data          16  system_stm32f0xx.o(.constdata)
    APBPrescTable                            0x08003a08   Data           8  system_stm32f0xx.o(.constdata)
    Region$$Table$$Base                      0x08003b58   Number         0  anon$$obj.o(Region$$Table)
    Region$$Table$$Limit                     0x08003b78   Number         0  anon$$obj.o(Region$$Table)
    __ctype                                  0x08003ba1   Data           0  lc_ctype_c.o(locale$$data)
    Data_Rx                                  0x20000000   Data           1  main.o(.data)
    uwTickFreq                               0x20000004   Data           1  stm32f0xx_hal.o(.data)
    uwTickPrio                               0x20000008   Data           4  stm32f0xx_hal.o(.data)
    uwTick                                   0x2000000c   Data           4  stm32f0xx_hal.o(.data)
    SystemCoreClock                          0x20000010   Data           4  system_stm32f0xx.o(.data)
    Rxbuf                                    0x20000014   Data         500  main.o(.bss)
    msg                                      0x20000208   Data         100  main.o(.bss)
    huart2                                   0x2000026c   Data         136  main.o(.bss)
    huart3                                   0x200002f4   Data         136  main.o(.bss)
    __libspace_start                         0x2000037c   Data          96  libspace.o(.bss)
    __temporary_stack_top$libspace           0x200003dc   Data           0  libspace.o(.bss)



==============================================================================

Memory Map of the image

  Image Entry point : 0x080000c1

  Load Region LR_IROM1 (Base: 0x08000000, Size: 0x00003cb8, Max: 0x00020000, ABSOLUTE)

    Execution Region ER_IROM1 (Exec base: 0x08000000, Load base: 0x08000000, Size: 0x00003ca4, Max: 0x00020000, ABSOLUTE)

    Exec Addr    Load Addr    Size         Type   Attr      Idx    E Section Name        Object

    0x08000000   0x08000000   0x000000c0   Data   RO            3    RESET               startup_stm32f072xb.o
    0x080000c0   0x080000c0   0x00000008   Code   RO         2373  * !!!main             c_p.l(__main.o)
    0x080000c8   0x080000c8   0x0000003c   Code   RO         2666    !!!scatter          c_p.l(__scatter.o)
    0x08000104   0x08000104   0x0000001a   Code   RO         2668    !!handler_copy      c_p.l(__scatter_copy.o)
    0x0800011e   0x0800011e   0x00000002   PAD
    0x08000120   0x08000120   0x0000001c   Code   RO         2670    !!handler_zi        c_p.l(__scatter_zi.o)
    0x0800013c   0x0800013c   0x00000002   Code   RO         2360    .ARM.Collect$$_printf_percent$$00000000  c_p.l(_printf_percent.o)
    0x0800013e   0x0800013e   0x0000000a   Code   RO         2431    .ARM.Collect$$_printf_percent$$00000001  c_p.l(_printf_n.o)
    0x08000148   0x08000148   0x0000000a   Code   RO         2433    .ARM.Collect$$_printf_percent$$00000002  c_p.l(_printf_p.o)
    0x08000152   0x08000152   0x0000000a   Code   RO         2438    .ARM.Collect$$_printf_percent$$00000003  c_p.l(_printf_f.o)
    0x0800015c   0x0800015c   0x0000000a   Code   RO         2439    .ARM.Collect$$_printf_percent$$00000004  c_p.l(_printf_e.o)
    0x08000166   0x08000166   0x0000000a   Code   RO         2440    .ARM.Collect$$_printf_percent$$00000005  c_p.l(_printf_g.o)
    0x08000170   0x08000170   0x0000000a   Code   RO         2441    .ARM.Collect$$_printf_percent$$00000006  c_p.l(_printf_a.o)
    0x0800017a   0x0800017a   0x0000000a   Code   RO         2446    .ARM.Collect$$_printf_percent$$00000007  c_p.l(_printf_ll.o)
    0x08000184   0x08000184   0x0000000a   Code   RO         2435    .ARM.Collect$$_printf_percent$$00000008  c_p.l(_printf_i.o)
    0x0800018e   0x0800018e   0x0000000a   Code   RO         2436    .ARM.Collect$$_printf_percent$$00000009  c_p.l(_printf_d.o)
    0x08000198   0x08000198   0x0000000a   Code   RO         2437    .ARM.Collect$$_printf_percent$$0000000A  c_p.l(_printf_u.o)
    0x080001a2   0x080001a2   0x0000000a   Code   RO         2434    .ARM.Collect$$_printf_percent$$0000000B  c_p.l(_printf_o.o)
    0x080001ac   0x080001ac   0x0000000a   Code   RO         2432    .ARM.Collect$$_printf_percent$$0000000C  c_p.l(_printf_x.o)
    0x080001b6   0x080001b6   0x0000000a   Code   RO         2443    .ARM.Collect$$_printf_percent$$0000000D  c_p.l(_printf_lli.o)
    0x080001c0   0x080001c0   0x0000000a   Code   RO         2444    .ARM.Collect$$_printf_percent$$0000000E  c_p.l(_printf_lld.o)
    0x080001ca   0x080001ca   0x0000000a   Code   RO         2445    .ARM.Collect$$_printf_percent$$0000000F  c_p.l(_printf_llu.o)
    0x080001d4   0x080001d4   0x0000000a   Code   RO         2450    .ARM.Collect$$_printf_percent$$00000010  c_p.l(_printf_llo.o)
    0x080001de   0x080001de   0x0000000a   Code   RO         2451    .ARM.Collect$$_printf_percent$$00000011  c_p.l(_printf_llx.o)
    0x080001e8   0x080001e8   0x0000000a   Code   RO         2447    .ARM.Collect$$_printf_percent$$00000012  c_p.l(_printf_l.o)
    0x080001f2   0x080001f2   0x0000000a   Code   RO         2430    .ARM.Collect$$_printf_percent$$00000013  c_p.l(_printf_c.o)
    0x080001fc   0x080001fc   0x0000000a   Code   RO         2359    .ARM.Collect$$_printf_percent$$00000014  c_p.l(_printf_s.o)
    0x08000206   0x08000206   0x0000000a   Code   RO         2448    .ARM.Collect$$_printf_percent$$00000015  c_p.l(_printf_lc.o)
    0x08000210   0x08000210   0x0000000a   Code   RO         2449    .ARM.Collect$$_printf_percent$$00000016  c_p.l(_printf_ls.o)
    0x0800021a   0x0800021a   0x00000004   Code   RO         2442    .ARM.Collect$$_printf_percent$$00000017  c_p.l(_printf_percent_end.o)
    0x0800021e   0x0800021e   0x00000002   Code   RO         2525    .ARM.Collect$$libinit$$00000000  c_p.l(libinit.o)
    0x08000220   0x08000220   0x00000000   Code   RO         2549    .ARM.Collect$$libinit$$00000002  c_p.l(libinit2.o)
    0x08000220   0x08000220   0x00000000   Code   RO         2551    .ARM.Collect$$libinit$$00000004  c_p.l(libinit2.o)
    0x08000220   0x08000220   0x00000000   Code   RO         2554    .ARM.Collect$$libinit$$0000000A  c_p.l(libinit2.o)
    0x08000220   0x08000220   0x00000000   Code   RO         2556    .ARM.Collect$$libinit$$0000000C  c_p.l(libinit2.o)
    0x08000220   0x08000220   0x00000000   Code   RO         2558    .ARM.Collect$$libinit$$0000000E  c_p.l(libinit2.o)
    0x08000220   0x08000220   0x00000006   Code   RO         2559    .ARM.Collect$$libinit$$0000000F  c_p.l(libinit2.o)
    0x08000226   0x08000226   0x00000000   Code   RO         2561    .ARM.Collect$$libinit$$00000011  c_p.l(libinit2.o)
    0x08000226   0x08000226   0x0000000c   Code   RO         2562    .ARM.Collect$$libinit$$00000012  c_p.l(libinit2.o)
    0x08000232   0x08000232   0x00000000   Code   RO         2563    .ARM.Collect$$libinit$$00000013  c_p.l(libinit2.o)
    0x08000232   0x08000232   0x00000000   Code   RO         2565    .ARM.Collect$$libinit$$00000015  c_p.l(libinit2.o)
    0x08000232   0x08000232   0x0000000a   Code   RO         2566    .ARM.Collect$$libinit$$00000016  c_p.l(libinit2.o)
    0x0800023c   0x0800023c   0x00000000   Code   RO         2567    .ARM.Collect$$libinit$$00000017  c_p.l(libinit2.o)
    0x0800023c   0x0800023c   0x00000000   Code   RO         2569    .ARM.Collect$$libinit$$00000019  c_p.l(libinit2.o)
    0x0800023c   0x0800023c   0x00000000   Code   RO         2571    .ARM.Collect$$libinit$$0000001B  c_p.l(libinit2.o)
    0x0800023c   0x0800023c   0x00000000   Code   RO         2573    .ARM.Collect$$libinit$$0000001D  c_p.l(libinit2.o)
    0x0800023c   0x0800023c   0x00000000   Code   RO         2575    .ARM.Collect$$libinit$$0000001F  c_p.l(libinit2.o)
    0x0800023c   0x0800023c   0x00000000   Code   RO         2577    .ARM.Collect$$libinit$$00000021  c_p.l(libinit2.o)
    0x0800023c   0x0800023c   0x00000000   Code   RO         2579    .ARM.Collect$$libinit$$00000023  c_p.l(libinit2.o)
    0x0800023c   0x0800023c   0x00000000   Code   RO         2581    .ARM.Collect$$libinit$$00000025  c_p.l(libinit2.o)
    0x0800023c   0x0800023c   0x00000000   Code   RO         2585    .ARM.Collect$$libinit$$0000002C  c_p.l(libinit2.o)
    0x0800023c   0x0800023c   0x00000000   Code   RO         2587    .ARM.Collect$$libinit$$0000002E  c_p.l(libinit2.o)
    0x0800023c   0x0800023c   0x00000000   Code   RO         2589    .ARM.Collect$$libinit$$00000030  c_p.l(libinit2.o)
    0x0800023c   0x0800023c   0x00000000   Code   RO         2591    .ARM.Collect$$libinit$$00000032  c_p.l(libinit2.o)
    0x0800023c   0x0800023c   0x00000002   Code   RO         2592    .ARM.Collect$$libinit$$00000033  c_p.l(libinit2.o)
    0x0800023e   0x0800023e   0x00000002   Code   RO         2623    .ARM.Collect$$libshutdown$$00000000  c_p.l(libshutdown.o)
    0x08000240   0x08000240   0x00000000   Code   RO         2649    .ARM.Collect$$libshutdown$$00000002  c_p.l(libshutdown2.o)
    0x08000240   0x08000240   0x00000000   Code   RO         2651    .ARM.Collect$$libshutdown$$00000004  c_p.l(libshutdown2.o)
    0x08000240   0x08000240   0x00000000   Code   RO         2654    .ARM.Collect$$libshutdown$$00000007  c_p.l(libshutdown2.o)
    0x08000240   0x08000240   0x00000000   Code   RO         2657    .ARM.Collect$$libshutdown$$0000000A  c_p.l(libshutdown2.o)
    0x08000240   0x08000240   0x00000000   Code   RO         2659    .ARM.Collect$$libshutdown$$0000000C  c_p.l(libshutdown2.o)
    0x08000240   0x08000240   0x00000000   Code   RO         2662    .ARM.Collect$$libshutdown$$0000000F  c_p.l(libshutdown2.o)
    0x08000240   0x08000240   0x00000002   Code   RO         2663    .ARM.Collect$$libshutdown$$00000010  c_p.l(libshutdown2.o)
    0x08000242   0x08000242   0x00000000   Code   RO         2375    .ARM.Collect$$rtentry$$00000000  c_p.l(__rtentry.o)
    0x08000242   0x08000242   0x00000000   Code   RO         2461    .ARM.Collect$$rtentry$$00000002  c_p.l(__rtentry2.o)
    0x08000242   0x08000242   0x00000006   Code   RO         2473    .ARM.Collect$$rtentry$$00000004  c_p.l(__rtentry4.o)
    0x08000248   0x08000248   0x00000000   Code   RO         2463    .ARM.Collect$$rtentry$$00000009  c_p.l(__rtentry2.o)
    0x08000248   0x08000248   0x00000004   Code   RO         2464    .ARM.Collect$$rtentry$$0000000A  c_p.l(__rtentry2.o)
    0x0800024c   0x0800024c   0x00000000   Code   RO         2466    .ARM.Collect$$rtentry$$0000000C  c_p.l(__rtentry2.o)
    0x0800024c   0x0800024c   0x00000008   Code   RO         2467    .ARM.Collect$$rtentry$$0000000D  c_p.l(__rtentry2.o)
    0x08000254   0x08000254   0x00000002   Code   RO         2535    .ARM.Collect$$rtexit$$00000000  c_p.l(rtexit.o)
    0x08000256   0x08000256   0x00000000   Code   RO         2596    .ARM.Collect$$rtexit$$00000002  c_p.l(rtexit2.o)
    0x08000256   0x08000256   0x00000004   Code   RO         2597    .ARM.Collect$$rtexit$$00000003  c_p.l(rtexit2.o)
    0x0800025a   0x0800025a   0x00000006   Code   RO         2598    .ARM.Collect$$rtexit$$00000004  c_p.l(rtexit2.o)
    0x08000260   0x08000260   0x00000038   Code   RO            4    .text               startup_stm32f072xb.o
    0x08000298   0x08000298   0x00000102   Code   RO         2327    .text               c_p.l(lludiv.o)
    0x0800039a   0x0800039a   0x00000002   PAD
    0x0800039c   0x0800039c   0x00000024   Code   RO         2329    .text               c_p.l(vsprintf.o)
    0x080003c0   0x080003c0   0x0000002c   Code   RO         2331    .text               c_p.l(__2sprintf.o)
    0x080003ec   0x080003ec   0x00000052   Code   RO         2337    .text               c_p.l(_printf_str.o)
    0x0800043e   0x0800043e   0x00000002   PAD
    0x08000440   0x08000440   0x00000188   Code   RO         2356    .text               c_p.l(__printf_flags_ss_wp.o)
    0x080005c8   0x080005c8   0x00000028   Code   RO         2361    .text               c_p.l(strstr.o)
    0x080005f0   0x080005f0   0x00000044   Code   RO         2363    .text               c_p.l(strlen.o)
    0x08000634   0x08000634   0x00000040   Code   RO         2365    .text               c_p.l(rt_memclr.o)
    0x08000674   0x08000674   0x0000015a   Code   RO         2367    .text               c_p.l(aeabi_sdiv.o)
    0x080007ce   0x080007ce   0x00000006   Code   RO         2371    .text               c_p.l(heapauxi.o)
    0x080007d4   0x080007d4   0x0000004e   Code   RO         2384    .text               c_p.l(_printf_pad.o)
    0x08000822   0x08000822   0x00000024   Code   RO         2386    .text               c_p.l(_printf_truncate.o)
    0x08000846   0x08000846   0x00000002   PAD
    0x08000848   0x08000848   0x0000006c   Code   RO         2388    .text               c_p.l(_printf_dec.o)
    0x080008b4   0x080008b4   0x00000026   Code   RO         2390    .text               c_p.l(_printf_charcount.o)
    0x080008da   0x080008da   0x00000002   PAD
    0x080008dc   0x080008dc   0x00000030   Code   RO         2392    .text               c_p.l(_printf_char_common.o)
    0x0800090c   0x0800090c   0x0000000a   Code   RO         2394    .text               c_p.l(_sputc.o)
    0x08000916   0x08000916   0x0000002e   Code   RO         2396    .text               c_p.l(_printf_char.o)
    0x08000944   0x08000944   0x000000bc   Code   RO         2398    .text               c_p.l(_printf_wctomb.o)
    0x08000a00   0x08000a00   0x00000070   Code   RO         2401    .text               c_p.l(_printf_longlong_dec.o)
    0x08000a70   0x08000a70   0x00000070   Code   RO         2407    .text               c_p.l(_printf_oct_int_ll.o)
    0x08000ae0   0x08000ae0   0x00000098   Code   RO         2427    .text               c_p.l(_printf_hex_int_ll_ptr.o)
    0x08000b78   0x08000b78   0x0000007a   Code   RO         2477    .text               c_p.l(lludiv10.o)
    0x08000bf2   0x08000bf2   0x000000b0   Code   RO         2479    .text               c_p.l(_printf_intcommon.o)
    0x08000ca2   0x08000ca2   0x00000002   PAD
    0x08000ca4   0x08000ca4   0x00000418   Code   RO         2481    .text               c_p.l(_printf_fp_dec.o)
    0x080010bc   0x080010bc   0x000002d8   Code   RO         2483    .text               c_p.l(_printf_fp_hex.o)
    0x08001394   0x08001394   0x0000002e   Code   RO         2488    .text               c_p.l(_printf_wchar.o)
    0x080013c2   0x080013c2   0x00000040   Code   RO         2490    .text               c_p.l(_wcrtomb.o)
    0x08001402   0x08001402   0x00000028   Code   RO         2492    .text               c_p.l(rtudiv10.o)
    0x0800142a   0x0800142a   0x0000003e   Code   RO         2494    .text               c_p.l(sys_stackheap_outer.o)
    0x08001468   0x08001468   0x00000010   Code   RO         2497    .text               c_p.l(rt_ctype_table.o)
    0x08001478   0x08001478   0x00000008   Code   RO         2502    .text               c_p.l(rt_locale_intlibspace.o)
    0x08001480   0x08001480   0x00000088   Code   RO         2504    .text               c_p.l(_printf_fp_infnan.o)
    0x08001508   0x08001508   0x000000d8   Code   RO         2506    .text               c_p.l(bigflt0.o)
    0x080015e0   0x080015e0   0x00000580   Code   RO         2509    .text               c_p.l(btod.o)
    0x08001b60   0x08001b60   0x00000010   Code   RO         2514    .text               c_p.l(exit.o)
    0x08001b70   0x08001b70   0x00000008   Code   RO         2531    .text               c_p.l(libspace.o)
    0x08001b78   0x08001b78   0x00000088   Code   RO         2546    .text               c_p.l(strcmp.o)
    0x08001c00   0x08001c00   0x0000000c   Code   RO         2593    .text               c_p.l(sys_exit.o)
    0x08001c0c   0x08001c0c   0x00000002   Code   RO         2612    .text               c_p.l(use_no_semi.o)
    0x08001c0e   0x08001c0e   0x00000000   Code   RO         2614    .text               c_p.l(indicate_semi.o)
    0x08001c0e   0x08001c0e   0x00000040   Code   RO         1699    i.HAL_DMA_Abort     stm32f0xx_hal_dma.o
    0x08001c4e   0x08001c4e   0x00000048   Code   RO         1700    i.HAL_DMA_Abort_IT  stm32f0xx_hal_dma.o
    0x08001c96   0x08001c96   0x00000002   PAD
    0x08001c98   0x08001c98   0x00000024   Code   RO          964    i.HAL_Delay         stm32f0xx_hal.o
    0x08001cbc   0x08001cbc   0x000001b4   Code   RO         1638    i.HAL_GPIO_Init     stm32f0xx_hal_gpio.o
    0x08001e70   0x08001e70   0x0000000c   Code   RO         1642    i.HAL_GPIO_WritePin  stm32f0xx_hal_gpio.o
    0x08001e7c   0x08001e7c   0x0000000c   Code   RO          968    i.HAL_GetTick       stm32f0xx_hal.o
    0x08001e88   0x08001e88   0x00000010   Code   RO          974    i.HAL_IncTick       stm32f0xx_hal.o
    0x08001e98   0x08001e98   0x00000020   Code   RO          975    i.HAL_Init          stm32f0xx_hal.o
    0x08001eb8   0x08001eb8   0x00000044   Code   RO          976    i.HAL_InitTick      stm32f0xx_hal.o
    0x08001efc   0x08001efc   0x00000028   Code   RO          253    i.HAL_MspInit       stm32f0xx_hal_msp.o
    0x08001f24   0x08001f24   0x00000018   Code   RO         1797    i.HAL_NVIC_EnableIRQ  stm32f0xx_hal_cortex.o
    0x08001f3c   0x08001f3c   0x00000008   Code   RO         1801    i.HAL_NVIC_SetPriority  stm32f0xx_hal_cortex.o
    0x08001f44   0x08001f44   0x00000120   Code   RO          884    i.HAL_RCCEx_PeriphCLKConfig  stm32f0xx_hal_rcc_ex.o
    0x08002064   0x08002064   0x00000110   Code   RO          779    i.HAL_RCC_ClockConfig  stm32f0xx_hal_rcc.o
    0x08002174   0x08002174   0x00000020   Code   RO          786    i.HAL_RCC_GetPCLK1Freq  stm32f0xx_hal_rcc.o
    0x08002194   0x08002194   0x00000068   Code   RO          787    i.HAL_RCC_GetSysClockFreq  stm32f0xx_hal_rcc.o
    0x080021fc   0x080021fc   0x00000404   Code   RO          790    i.HAL_RCC_OscConfig  stm32f0xx_hal_rcc.o
    0x08002600   0x08002600   0x00000030   Code   RO         1805    i.HAL_SYSTICK_Config  stm32f0xx_hal_cortex.o
    0x08002630   0x08002630   0x0000006c   Code   RO          711    i.HAL_UARTEx_ReceiveToIdle_IT  stm32f0xx_hal_uart_ex.o
    0x0800269c   0x0800269c   0x00000030   Code   RO           13    i.HAL_UARTEx_RxEventCallback  main.o
    0x080026cc   0x080026cc   0x00000002   Code   RO          713    i.HAL_UARTEx_WakeupCallback  stm32f0xx_hal_uart_ex.o
    0x080026ce   0x080026ce   0x00000002   Code   RO          338    i.HAL_UART_ErrorCallback  stm32f0xx_hal_uart.o
    0x080026d0   0x080026d0   0x000002ac   Code   RO          341    i.HAL_UART_IRQHandler  stm32f0xx_hal_uart.o
    0x0800297c   0x0800297c   0x0000006a   Code   RO          342    i.HAL_UART_Init     stm32f0xx_hal_uart.o
    0x080029e6   0x080029e6   0x00000002   PAD
    0x080029e8   0x080029e8   0x000000b8   Code   RO          255    i.HAL_UART_MspInit  stm32f0xx_hal_msp.o
    0x08002aa0   0x08002aa0   0x00000002   Code   RO          349    i.HAL_UART_RxCpltCallback  stm32f0xx_hal_uart.o
    0x08002aa2   0x08002aa2   0x000000c0   Code   RO          351    i.HAL_UART_Transmit  stm32f0xx_hal_uart.o
    0x08002b62   0x08002b62   0x00000002   Code   RO          354    i.HAL_UART_TxCpltCallback  stm32f0xx_hal_uart.o
    0x08002b64   0x08002b64   0x00000002   Code   RO          193    i.HardFault_Handler  stm32f0xx_it.o
    0x08002b66   0x08002b66   0x00000002   PAD
    0x08002b68   0x08002b68   0x0000005c   Code   RO           14    i.MX_GPIO_Init      main.o
    0x08002bc4   0x08002bc4   0x00000038   Code   RO           15    i.MX_USART2_UART_Init  main.o
    0x08002bfc   0x08002bfc   0x00000038   Code   RO           16    i.MX_USART3_UART_Init  main.o
    0x08002c34   0x08002c34   0x00000002   Code   RO          194    i.NMI_Handler       stm32f0xx_it.o
    0x08002c36   0x08002c36   0x00000002   Code   RO          195    i.PendSV_Handler    stm32f0xx_it.o
    0x08002c38   0x08002c38   0x00000002   Code   RO          196    i.SVC_Handler       stm32f0xx_it.o
    0x08002c3a   0x08002c3a   0x00000002   PAD
    0x08002c3c   0x08002c3c   0x000000ac   Code   RO           17    i.Send_AT_cmd       main.o
    0x08002ce8   0x08002ce8   0x00000008   Code   RO          197    i.SysTick_Handler   stm32f0xx_it.o
    0x08002cf0   0x08002cf0   0x00000074   Code   RO           18    i.SystemClock_Config  main.o
    0x08002d64   0x08002d64   0x00000002   Code   RO         2292    i.SystemInit        system_stm32f0xx.o
    0x08002d66   0x08002d66   0x000000ca   Code   RO          356    i.UART_AdvFeatureConfig  stm32f0xx_hal_uart.o
    0x08002e30   0x08002e30   0x000000c4   Code   RO          357    i.UART_CheckIdleState  stm32f0xx_hal_uart.o
    0x08002ef4   0x08002ef4   0x00000014   Code   RO          358    i.UART_DMAAbortOnError  stm32f0xx_hal_uart.o
    0x08002f08   0x08002f08   0x00000060   Code   RO          368    i.UART_EndRxTransfer  stm32f0xx_hal_uart.o
    0x08002f68   0x08002f68   0x000000ce   Code   RO          370    i.UART_RxISR_16BIT  stm32f0xx_hal_uart.o
    0x08003036   0x08003036   0x000000ce   Code   RO          371    i.UART_RxISR_8BIT   stm32f0xx_hal_uart.o
    0x08003104   0x08003104   0x00000160   Code   RO          372    i.UART_SetConfig    stm32f0xx_hal_uart.o
    0x08003264   0x08003264   0x000000c8   Code   RO          374    i.UART_Start_Receive_IT  stm32f0xx_hal_uart.o
    0x0800332c   0x0800332c   0x0000008a   Code   RO          377    i.UART_WaitOnFlagUntilTimeout  stm32f0xx_hal_uart.o
    0x080033b6   0x080033b6   0x00000002   PAD
    0x080033b8   0x080033b8   0x00000010   Code   RO          198    i.USART2_IRQHandler  stm32f0xx_it.o
    0x080033c8   0x080033c8   0x00000010   Code   RO          199    i.USART3_4_IRQHandler  stm32f0xx_it.o
    0x080033d8   0x080033d8   0x00000030   Code   RO          865    i.__ARM_common_ll_muluu  stm32f0xx_hal_rcc.o
    0x08003408   0x08003408   0x0000002c   Code   RO         2529    i.__ARM_fpclassify  m_ps.l(fpclassify.o)
    0x08003434   0x08003434   0x00000044   Code   RO         1807    i.__NVIC_SetPriority  stm32f0xx_hal_cortex.o
    0x08003478   0x08003478   0x0000000e   Code   RO         2349    i._is_digit         c_p.l(__printf_wp.o)
    0x08003486   0x08003486   0x00000002   PAD
    0x08003488   0x08003488   0x0000003c   Code   RO           19    i.debug_printf      main.o
    0x080034c4   0x080034c4   0x0000002c   Code   RO           20    i.gsm_on            main.o
    0x080034f0   0x080034f0   0x00000470   Code   RO           21    i.main              main.o
    0x08003960   0x08003960   0x0000002c   Code   RO         2512    locale$$code        c_p.l(lc_numeric_c.o)
    0x0800398c   0x0800398c   0x0000002c   Code   RO         2540    locale$$code        c_p.l(lc_ctype_c.o)
    0x080039b8   0x080039b8   0x00000010   Code   RO         2452    x$fpl$printf1       fz_ps.l(printf1.o)
    0x080039c8   0x080039c8   0x00000010   Code   RO         2454    x$fpl$printf2       fz_ps.l(printf2.o)
    0x080039d8   0x080039d8   0x00000000   Code   RO         2528    x$fpl$usenofp       fz_ps.l(usenofp.o)
    0x080039d8   0x080039d8   0x00000020   Data   RO          791    .constdata          stm32f0xx_hal_rcc.o
    0x080039f8   0x080039f8   0x00000010   Data   RO         2293    .constdata          system_stm32f0xx.o
    0x08003a08   0x08003a08   0x00000008   Data   RO         2294    .constdata          system_stm32f0xx.o
    0x08003a10   0x08003a10   0x00000011   Data   RO         2357    .constdata          c_p.l(__printf_flags_ss_wp.o)
    0x08003a21   0x08003a21   0x00000003   PAD
    0x08003a24   0x08003a24   0x00000008   Data   RO         2399    .constdata          c_p.l(_printf_wctomb.o)
    0x08003a2c   0x08003a2c   0x00000028   Data   RO         2428    .constdata          c_p.l(_printf_hex_int_ll_ptr.o)
    0x08003a54   0x08003a54   0x00000026   Data   RO         2484    .constdata          c_p.l(_printf_fp_hex.o)
    0x08003a7a   0x08003a7a   0x00000002   PAD
    0x08003a7c   0x08003a7c   0x00000094   Data   RO         2507    .constdata          c_p.l(bigflt0.o)
    0x08003b10   0x08003b10   0x00000045   Data   RO           23    .conststring        main.o
    0x08003b55   0x08003b55   0x00000003   PAD
    0x08003b58   0x08003b58   0x00000020   Data   RO         2664    Region$$Table       anon$$obj.o
    0x08003b78   0x08003b78   0x0000001c   Data   RO         2511    locale$$data        c_p.l(lc_numeric_c.o)
    0x08003b94   0x08003b94   0x00000110   Data   RO         2539    locale$$data        c_p.l(lc_ctype_c.o)


    Execution Region RW_IRAM1 (Exec base: 0x20000000, Load base: 0x08003ca4, Size: 0x000009e0, Max: 0x00004000, ABSOLUTE)

    Exec Addr    Load Addr    Size         Type   Attr      Idx    E Section Name        Object

    0x20000000   0x08003ca4   0x00000001   Data   RW           24    .data               main.o
    0x20000001   0x08003ca5   0x00000003   PAD
    0x20000004   0x08003ca8   0x0000000c   Data   RW          982    .data               stm32f0xx_hal.o
    0x20000010   0x08003cb4   0x00000004   Data   RW         2295    .data               system_stm32f0xx.o
    0x20000014        -       0x00000368   Zero   RW           22    .bss                main.o
    0x2000037c        -       0x00000060   Zero   RW         2532    .bss                c_p.l(libspace.o)
    0x200003dc   0x08003cb8   0x00000004   PAD
    0x200003e0        -       0x00000200   Zero   RW            2    HEAP                startup_stm32f072xb.o
    0x200005e0        -       0x00000400   Zero   RW            1    STACK               startup_stm32f072xb.o


==============================================================================

Image component sizes


      Code (inc. data)   RO Data    RW Data    ZI Data      Debug   Object Name

      1780        632         69          1        872     470959   main.o
        56         26        192          0       1536        636   startup_stm32f072xb.o
       164         30          0         12          0       8501   stm32f0xx_hal.o
       148         24          0          0          0      10301   stm32f0xx_hal_cortex.o
       136          0          0          0          0       1735   stm32f0xx_hal_dma.o
       448         30          0          0          0       2136   stm32f0xx_hal_gpio.o
       224         22          0          0          0       1601   stm32f0xx_hal_msp.o
      1484         66         32          0          0       4817   stm32f0xx_hal_rcc.o
       288         14          0          0          0       1500   stm32f0xx_hal_rcc_ex.o
      2604         64          0          0          0      19992   stm32f0xx_hal_uart.o
       110          0          0          0          0       2070   stm32f0xx_hal_uart_ex.o
        48         12          0          0          0       2973   stm32f0xx_it.o
         2          0         24          4          0       1083   system_stm32f0xx.o

    ----------------------------------------------------------------------
      7502        920        352         20       2408     528304   Object Totals
         0          0         32          0          0          0   (incl. Generated)
        10          0          3          3          0          0   (incl. Padding)

    ----------------------------------------------------------------------

      Code (inc. data)   RO Data    RW Data    ZI Data      Debug   Library Member Name

        44          4          0          0          0         84   __2sprintf.o
         8          0          0          0          0         68   __main.o
       392          6         17          0          0         76   __printf_flags_ss_wp.o
        14          0          0          0          0         60   __printf_wp.o
         0          0          0          0          0          0   __rtentry.o
        12          0          0          0          0          0   __rtentry2.o
         6          0          0          0          0          0   __rtentry4.o
        60          8          0          0          0          0   __scatter.o
        26          0          0          0          0          0   __scatter_copy.o
        28          0          0          0          0          0   __scatter_zi.o
        10          0          0          0          0          0   _printf_a.o
        10          0          0          0          0          0   _printf_c.o
        46          0          0          0          0        100   _printf_char.o
        48          6          0          0          0         88   _printf_char_common.o
        38          0          0          0          0         60   _printf_charcount.o
        10          0          0          0          0          0   _printf_d.o
       108         18          0          0          0         76   _printf_dec.o
        10          0          0          0          0          0   _printf_e.o
        10          0          0          0          0          0   _printf_f.o
      1048         14          0          0          0        176   _printf_fp_dec.o
       728         10         38          0          0         84   _printf_fp_hex.o
       136         16          0          0          0         76   _printf_fp_infnan.o
        10          0          0          0          0          0   _printf_g.o
       152          4         40          0          0        148   _printf_hex_int_ll_ptr.o
        10          0          0          0          0          0   _printf_i.o
       176          0          0          0          0         84   _printf_intcommon.o
        10          0          0          0          0          0   _printf_l.o
        10          0          0          0          0          0   _printf_lc.o
        10          0          0          0          0          0   _printf_ll.o
        10          0          0          0          0          0   _printf_lld.o
        10          0          0          0          0          0   _printf_lli.o
        10          0          0          0          0          0   _printf_llo.o
        10          0          0          0          0          0   _printf_llu.o
        10          0          0          0          0          0   _printf_llx.o
       112         18          0          0          0         76   _printf_longlong_dec.o
        10          0          0          0          0          0   _printf_ls.o
        10          0          0          0          0          0   _printf_n.o
        10          0          0          0          0          0   _printf_o.o
       112         10          0          0          0        112   _printf_oct_int_ll.o
        10          0          0          0          0          0   _printf_p.o
        78          0          0          0          0        100   _printf_pad.o
         2          0          0          0          0          0   _printf_percent.o
         4          0          0          0          0          0   _printf_percent_end.o
        10          0          0          0          0          0   _printf_s.o
        82          0          0          0          0         72   _printf_str.o
        36          0          0          0          0         76   _printf_truncate.o
        10          0          0          0          0          0   _printf_u.o
        46          0          0          0          0        100   _printf_wchar.o
       188          6          8          0          0         80   _printf_wctomb.o
        10          0          0          0          0          0   _printf_x.o
        10          0          0          0          0         60   _sputc.o
        64          0          0          0          0         72   _wcrtomb.o
       346          0          0          0          0         92   aeabi_sdiv.o
       216          6        148          0          0         80   bigflt0.o
      1408         30          0          0          0        260   btod.o
        16          0          0          0          0         68   exit.o
         6          0          0          0          0        136   heapauxi.o
         0          0          0          0          0          0   indicate_semi.o
        44         10        272          0          0         76   lc_ctype_c.o
        44         10         28          0          0         76   lc_numeric_c.o
         2          0          0          0          0          0   libinit.o
        30          0          0          0          0          0   libinit2.o
         2          0          0          0          0          0   libshutdown.o
         2          0          0          0          0          0   libshutdown2.o
         8          4          0          0         96         68   libspace.o
       258          0          0          0          0         88   lludiv.o
       122          0          0          0          0         72   lludiv10.o
        16          4          0          0          0         76   rt_ctype_table.o
         8          4          0          0          0         68   rt_locale_intlibspace.o
        64          0          0          0          0        108   rt_memclr.o
         2          0          0          0          0          0   rtexit.o
        10          0          0          0          0          0   rtexit2.o
        40          0          0          0          0         60   rtudiv10.o
       136          4          0          0          0         72   strcmp.o
        68          6          0          0          0         72   strlen.o
        40          0          0          0          0         72   strstr.o
        12          4          0          0          0         60   sys_exit.o
        62          0          0          0          0         80   sys_stackheap_outer.o
         2          0          0          0          0         68   use_no_semi.o
        36          4          0          0          0         68   vsprintf.o
        16          4          0          0          0         76   printf1.o
        16          4          0          0          0         76   printf2.o
         0          0          0          0          0          0   usenofp.o
        44          4          0          0          0         60   fpclassify.o

    ----------------------------------------------------------------------
      7114        218        556          0        100       3960   Library Totals
        14          0          5          0          4          0   (incl. Padding)

    ----------------------------------------------------------------------

      Code (inc. data)   RO Data    RW Data    ZI Data      Debug   Library Name

      7024        206        551          0         96       3748   c_p.l
        32          8          0          0          0        152   fz_ps.l
        44          4          0          0          0         60   m_ps.l

    ----------------------------------------------------------------------
      7114        218        556          0        100       3960   Library Totals

    ----------------------------------------------------------------------

==============================================================================


      Code (inc. data)   RO Data    RW Data    ZI Data      Debug   

     14616       1138        908         20       2508     528068   Grand Totals
     14616       1138        908         20       2508     528068   ELF Image Totals
     14616       1138        908         20          0          0   ROM Totals

==============================================================================

    Total RO  Size (Code + RO Data)                15524 (  15.16kB)
    Total RW  Size (RW Data + ZI Data)              2528 (   2.47kB)
    Total ROM Size (Code + RO Data + RW Data)      15544 (  15.18kB)

==============================================================================

