<html>
<body>
<pre>
<h1>µVision Build Log</h1>
<h2>Tool Versions:</h2>
IDE-Version: µVision V5.29.0.0
Copyright (C) 2019 ARM Ltd and ARM Germany GmbH. All rights reserved.
License Information: Resonent Resonent, Resonent, LIC=PE7DL-0LL1I-KP4ZY-IED38-JBCKD-HWEKC
 
Tool Versions:
Toolchain:       MDK-ARM Plus  Version: 5.29.0.0
Toolchain Path:  C:\Keil_v5\ARM\ARMCC\Bin
C Compiler:      Armcc.exe V5.06 update 6 (build 750)
Assembler:       Armasm.exe V5.06 update 6 (build 750)
Linker/Locator:  ArmLink.exe V5.06 update 6 (build 750)
Library Manager: ArmAr.exe V5.06 update 6 (build 750)
Hex Converter:   FromElf.exe V5.06 update 6 (build 750)
CPU DLL:         SARMCM3.DLL V5.29.0.0
Dialog DLL:      DARMCM1.DLL V1.19.2.0
Target DLL:      STLink\ST-LINKIII-KEIL_SWO.dll V3.0.7.0
Dialog DLL:      TARMCM1.DLL V1.14.1.0
 
<h2>Project:</h2>
E:\Project Repositories\STM32F072VBT6_EC25_GSM_MQTT\MDK-ARM\STM32F072VBT6_EC25_GSM_MQTT.uvprojx
Project File Date:  05/03/2023

<h2>Output:</h2>
*** Using Compiler 'V5.06 update 6 (build 750)', folder: 'C:\Keil_v5\ARM\ARMCC\Bin'
Build target 'STM32F072VBT6_EC25_GSM_MQTT'
compiling main.c...
../Src/main.c(114): warning:  #940-D: missing return statement at end of non-void function "Send_AT_cmd" 
  }
../Src/main.c(237): warning:  #167-D: argument of type "uint8_t *" is incompatible with parameter of type "char *restrict"
  	sprintf(msg,"AT+QILOCIP\r\n");
../Src/main.c(282): warning:  #167-D: argument of type "uint8_t *" is incompatible with parameter of type "char *restrict"
  	sprintf(msg,"Hello from STM32_GSM");
../Src/main.c: 3 warnings, 0 errors
linking...
Program Size: Code=14616 RO-data=908 RW-data=20 ZI-data=2508  
FromELF: creating hex file...
"STM32F072VBT6_EC25_GSM_MQTT\STM32F072VBT6_EC25_GSM_MQTT.axf" - 0 Error(s), 3 Warning(s).

<h2>Software Packages used:</h2>

Package Vendor: ARM
                http://www.keil.com/pack/ARM.CMSIS.5.9.0.pack
                ARM.CMSIS.5.9.0
                CMSIS (Common Microcontroller Software Interface Standard)
   * Component: CORE Version: 5.6.0

Package Vendor: Keil
                https://www.keil.com/pack/Keil.STM32F0xx_DFP.2.1.1.pack
                Keil.STM32F0xx_DFP.2.1.1
                STMicroelectronics STM32F0 Series Device Support, Drivers and Examples

<h2>Collection of Component include folders:</h2>
  .\RTE\_STM32F072VBT6_EC25_GSM_MQTT
  C:\Users\udeveloper11\ARM\CMSIS\5.9.0\CMSIS\Core\Include
  C:\Users\udeveloper11\Keil\STM32F0xx_DFP\2.1.1\Drivers\CMSIS\Device\ST\STM32F0xx\Include

<h2>Collection of Component Files used:</h2>

   * Component: ARM::CMSIS:CORE:5.6.0
      Include file:  CMSIS\Core\Include\tz_context.h
Build Time Elapsed:  00:00:01
</pre>
</body>
</html>
